Archive member included to satisfy reference by file (symbol)

c:/microchip/softconsole-v2021.1/arm-none-eabi-gcc/bin/../lib/gcc/arm-none-eabi/9.2.1/../../../../arm-none-eabi/lib/thumb/v7-m/nofp\libg_nano.a(lib_a-errno.o)
                              ./CMSIS/startup_gcc/newlib_stubs.o (__errno)
c:/microchip/softconsole-v2021.1/arm-none-eabi-gcc/bin/../lib/gcc/arm-none-eabi/9.2.1/../../../../arm-none-eabi/lib/thumb/v7-m/nofp\libg_nano.a(lib_a-exit.o)
                              c:/microchip/softconsole-v2021.1/arm-none-eabi-gcc/bin/../lib/gcc/arm-none-eabi/9.2.1/../../../../arm-none-eabi/lib/thumb/v7-m/nofp/crt0.o (exit)
c:/microchip/softconsole-v2021.1/arm-none-eabi-gcc/bin/../lib/gcc/arm-none-eabi/9.2.1/../../../../arm-none-eabi/lib/thumb/v7-m/nofp\libg_nano.a(lib_a-impure.o)
                              c:/microchip/softconsole-v2021.1/arm-none-eabi-gcc/bin/../lib/gcc/arm-none-eabi/9.2.1/../../../../arm-none-eabi/lib/thumb/v7-m/nofp\libg_nano.a(lib_a-exit.o) (_global_impure_ptr)
c:/microchip/softconsole-v2021.1/arm-none-eabi-gcc/bin/../lib/gcc/arm-none-eabi/9.2.1/../../../../arm-none-eabi/lib/thumb/v7-m/nofp\libg_nano.a(lib_a-init.o)
                              c:/microchip/softconsole-v2021.1/arm-none-eabi-gcc/bin/../lib/gcc/arm-none-eabi/9.2.1/../../../../arm-none-eabi/lib/thumb/v7-m/nofp/crt0.o (__libc_init_array)
c:/microchip/softconsole-v2021.1/arm-none-eabi-gcc/bin/../lib/gcc/arm-none-eabi/9.2.1/../../../../arm-none-eabi/lib/thumb/v7-m/nofp\libg_nano.a(lib_a-memcpy-stub.o)
                              ./drivers/mss_sys_services/mss_sys_services.o (memcpy)
c:/microchip/softconsole-v2021.1/arm-none-eabi-gcc/bin/../lib/gcc/arm-none-eabi/9.2.1/../../../../arm-none-eabi/lib/thumb/v7-m/nofp\libg_nano.a(lib_a-memset.o)
                              c:/microchip/softconsole-v2021.1/arm-none-eabi-gcc/bin/../lib/gcc/arm-none-eabi/9.2.1/../../../../arm-none-eabi/lib/thumb/v7-m/nofp/crt0.o (memset)

Allocating common symbols
Common symbol       size              file

g_mss_spi1          0x84              ./drivers/mss_spi/mss_spi.o
g_mss_uart1         0x40              ./drivers/mss_uart/mss_uart.o
g_mss_uart0         0x40              ./drivers/mss_uart/mss_uart.o
g_page_buffer       0x800             ./main.o
g_mss_spi0          0x84              ./drivers/mss_spi/mss_spi.o

Discarded input sections

 .text          0x0000000000000000        0x0 c:/microchip/softconsole-v2021.1/arm-none-eabi-gcc/bin/../lib/gcc/arm-none-eabi/9.2.1/thumb/v7-m/nofp/crti.o
 .data          0x0000000000000000        0x0 c:/microchip/softconsole-v2021.1/arm-none-eabi-gcc/bin/../lib/gcc/arm-none-eabi/9.2.1/thumb/v7-m/nofp/crti.o
 .bss           0x0000000000000000        0x0 c:/microchip/softconsole-v2021.1/arm-none-eabi-gcc/bin/../lib/gcc/arm-none-eabi/9.2.1/thumb/v7-m/nofp/crti.o
 .text          0x0000000000000000        0x0 c:/microchip/softconsole-v2021.1/arm-none-eabi-gcc/bin/../lib/gcc/arm-none-eabi/9.2.1/thumb/v7-m/nofp/crtbegin.o
 .data          0x0000000000000000        0x0 c:/microchip/softconsole-v2021.1/arm-none-eabi-gcc/bin/../lib/gcc/arm-none-eabi/9.2.1/thumb/v7-m/nofp/crtbegin.o
 .bss           0x0000000000000000        0x0 c:/microchip/softconsole-v2021.1/arm-none-eabi-gcc/bin/../lib/gcc/arm-none-eabi/9.2.1/thumb/v7-m/nofp/crtbegin.o
 .data.__dso_handle
                0x0000000000000000        0x4 c:/microchip/softconsole-v2021.1/arm-none-eabi-gcc/bin/../lib/gcc/arm-none-eabi/9.2.1/thumb/v7-m/nofp/crtbegin.o
 .text          0x0000000000000000       0x74 c:/microchip/softconsole-v2021.1/arm-none-eabi-gcc/bin/../lib/gcc/arm-none-eabi/9.2.1/../../../../arm-none-eabi/lib/thumb/v7-m/nofp/crt0.o
 .data          0x0000000000000000        0x0 c:/microchip/softconsole-v2021.1/arm-none-eabi-gcc/bin/../lib/gcc/arm-none-eabi/9.2.1/../../../../arm-none-eabi/lib/thumb/v7-m/nofp/crt0.o
 .bss           0x0000000000000000        0x0 c:/microchip/softconsole-v2021.1/arm-none-eabi-gcc/bin/../lib/gcc/arm-none-eabi/9.2.1/../../../../arm-none-eabi/lib/thumb/v7-m/nofp/crt0.o
 .ARM.extab     0x0000000000000000        0x0 c:/microchip/softconsole-v2021.1/arm-none-eabi-gcc/bin/../lib/gcc/arm-none-eabi/9.2.1/../../../../arm-none-eabi/lib/thumb/v7-m/nofp/crt0.o
 .ARM.exidx     0x0000000000000000        0x8 c:/microchip/softconsole-v2021.1/arm-none-eabi-gcc/bin/../lib/gcc/arm-none-eabi/9.2.1/../../../../arm-none-eabi/lib/thumb/v7-m/nofp/crt0.o
 .group         0x0000000000000000        0xc ./windbondflash/winbondflash.o
 .group         0x0000000000000000        0xc ./windbondflash/winbondflash.o
 .group         0x0000000000000000        0xc ./windbondflash/winbondflash.o
 .group         0x0000000000000000        0xc ./windbondflash/winbondflash.o
 .group         0x0000000000000000        0xc ./windbondflash/winbondflash.o
 .group         0x0000000000000000        0xc ./windbondflash/winbondflash.o
 .group         0x0000000000000000        0xc ./windbondflash/winbondflash.o
[...]
Memory Configuration

Name             Origin             Length             Attributes
rom              0x0000000060000000 0x0000000000040000 xr
romMirror        0x0000000000000000 0x0000000000040000 xr
ram              0x0000000020000000 0x0000000000010000 xrw
*default*        0x0000000000000000 0xffffffffffffffff

Linker script and memory map

LOAD c:/microchip/softconsole-v2021.1/arm-none-eabi-gcc/bin/../lib/gcc/arm-none-eabi/9.2.1/thumb/v7-m/nofp/crti.o
LOAD c:/microchip/softconsole-v2021.1/arm-none-eabi-gcc/bin/../lib/gcc/arm-none-eabi/9.2.1/thumb/v7-m/nofp/crtbegin.o
LOAD c:/microchip/softconsole-v2021.1/arm-none-eabi-gcc/bin/../lib/gcc/arm-none-eabi/9.2.1/../../../../arm-none-eabi/lib/thumb/v7-m/nofp/crt0.o
LOAD ./windbondflash/winbondflash.o
LOAD ./hal/CortexM3/GNU/hal.o
LOAD ./hal/CortexM3/GNU/hw_reg_access.o
LOAD ./hal/CortexM3/cortex_nvic.o
LOAD ./drivers_config/sys_config/sys_config.o
LOAD ./drivers/mss_uart/mss_uart.o
LOAD ./drivers/mss_sys_services/mss_comblk.o
LOAD ./drivers/mss_sys_services/mss_sys_services.o
LOAD ./drivers/mss_spi/mss_spi.o
LOAD ./drivers/mss_nvm/mss_nvm.o
LOAD ./drivers/mss_hpdma/mss_hpdma.o
LOAD ./CMSIS/startup_gcc/newlib_stubs.o
LOAD ./CMSIS/startup_gcc/startup_m2sxxx.o
LOAD ./CMSIS/system_m2sxxx.o
LOAD ./main.o
START GROUP
LOAD c:/microchip/softconsole-v2021.1/arm-none-eabi-gcc/bin/../lib/gcc/arm-none-eabi/9.2.1/thumb/v7-m/nofp\libgcc.a
LOAD c:/microchip/softconsole-v2021.1/arm-none-eabi-gcc/bin/../lib/gcc/arm-none-eabi/9.2.1/../../../../arm-none-eabi/lib/thumb/v7-m/nofp\libg_nano.a
LOAD c:/microchip/softconsole-v2021.1/arm-none-eabi-gcc/bin/../lib/gcc/arm-none-eabi/9.2.1/../../../../arm-none-eabi/lib/thumb/v7-m/nofp\libc_nano.a
END GROUP
START GROUP
LOAD c:/microchip/softconsole-v2021.1/arm-none-eabi-gcc/bin/../lib/gcc/arm-none-eabi/9.2.1/thumb/v7-m/nofp\libgcc.a
LOAD c:/microchip/softconsole-v2021.1/arm-none-eabi-gcc/bin/../lib/gcc/arm-none-eabi/9.2.1/../../../../arm-none-eabi/lib/thumb/v7-m/nofp\libc_nano.a
END GROUP
LOAD c:/microchip/softconsole-v2021.1/arm-none-eabi-gcc/bin/../lib/gcc/arm-none-eabi/9.2.1/thumb/v7-m/nofp/crtend.o
LOAD c:/microchip/softconsole-v2021.1/arm-none-eabi-gcc/bin/../lib/gcc/arm-none-eabi/9.2.1/thumb/v7-m/nofp/crtn.o
START GROUP
LOAD c:/microchip/softconsole-v2021.1/arm-none-eabi-gcc/bin/../lib/gcc/arm-none-eabi/9.2.1/../../../../arm-none-eabi/lib/thumb/v7-m/nofp\libc.a
LOAD c:/microchip/softconsole-v2021.1/arm-none-eabi-gcc/bin/../lib/gcc/arm-none-eabi/9.2.1/thumb/v7-m/nofp\libgcc.a
LOAD c:/microchip/softconsole-v2021.1/arm-none-eabi-gcc/bin/../lib/gcc/arm-none-eabi/9.2.1/../../../../arm-none-eabi/lib/thumb/v7-m/nofp\libm.a
END GROUP
                0x0000000000000000                __DYNAMIC = 0x0
                0x0000000020000000                RAM_START_ADDRESS = 0x20000000
                0x0000000000010000                RAM_SIZE = 0x10000
                0x0000000000001000                MAIN_STACK_SIZE = 0x1000
                0x0000000000001000                MIN_SIZE_HEAP = 0x1000
                0x0000000020010000                PROVIDE (__main_stack_start = (RAM_START_ADDRESS + RAM_SIZE))
                0x0000000020010000                PROVIDE (_estack = __main_stack_start)
                0x0000000000000001                PROVIDE (__mirrored_nvm = 0x1)
                0x0000000000000000                PROVIDE (__smartfusion2_memory_remap = 0x0)

.vector_table   0x0000000000000000      0x190 load address 0x0000000060000000
                0x0000000060000000                __vector_table_load = LOADADDR (.vector_table)
                0x0000000000000000                __vector_table_start = .
                0x0000000000000000                __vector_table_vma_base_address = .
 *(.isr_vector)
 .isr_vector    0x0000000000000000      0x190 ./CMSIS/startup_gcc/startup_m2sxxx.o
                0x0000000000000000                g_pfnVectors
                0x0000000000000190                . = ALIGN (0x10)
                0x0000000000000190                _evector_table = .

.boot_code      0x0000000000000190      0x3e0 load address 0x0000000060000190
 *(.boot_code)
 .boot_code     0x0000000000000190      0x31c ./CMSIS/startup_gcc/startup_m2sxxx.o
                0x0000000000000190                Reset_Handler
                0x000000000000037e                NMI_Handler
                0x0000000000000380                HardFault_Handler
                0x0000000000000382                MemManage_Handler
                0x0000000000000384                BusFault_Handler
                0x0000000000000386                UsageFault_Handler
                0x0000000000000388                SVC_Handler
                0x000000000000038a                DebugMon_Handler
                0x000000000000038c                PendSV_Handler
                0x000000000000038e                SysTick_Handler
                0x0000000000000390                WdogWakeup_IRQHandler
                0x0000000000000392                RTC_Wakeup_IRQHandler
                0x0000000000000398                I2C0_IRQHandler
                0x000000000000039a                I2C0_SMBAlert_IRQHandler
                0x000000000000039c                I2C0_SMBus_IRQHandler
                0x000000000000039e                I2C1_IRQHandler
                0x00000000000003a0                I2C1_SMBAlert_IRQHandler
                0x00000000000003a2                I2C1_SMBus_IRQHandler
                0x00000000000003a8                EthernetMAC_IRQHandler
                0x00000000000003aa                DMA_IRQHandler
                0x00000000000003ac                Timer1_IRQHandler
                0x00000000000003ae                Timer2_IRQHandler
                0x00000000000003b0                CAN_IRQHandler
                0x00000000000003b2                ENVM0_IRQHandler
                0x00000000000003b4                ENVM1_IRQHandler
                0x00000000000003b8                USB_IRQHandler
                0x00000000000003ba                USB_DMA_IRQHandler
                0x00000000000003bc                PLL_Lock_IRQHandler
                0x00000000000003be                PLL_LockLost_IRQHandler
                0x00000000000003c0                CommSwitchError_IRQHandler
                0x00000000000003c2                CacheError_IRQHandler
                0x00000000000003c4                DDR_IRQHandler
                0x00000000000003ca                ECC_Error_IRQHandler
                0x00000000000003cc                MDDR_IOCalib_IRQHandler
                0x00000000000003ce                FAB_PLL_Lock_IRQHandler
                0x00000000000003d0                FAB_PLL_LockLost_IRQHandler
                0x00000000000003d2                FIC64_IRQHandler
                0x00000000000003d4                FabricIrq0_IRQHandler
                0x00000000000003d6                FabricIrq1_IRQHandler
                0x00000000000003d8                FabricIrq2_IRQHandler
                0x00000000000003da                FabricIrq3_IRQHandler
                0x00000000000003dc                FabricIrq4_IRQHandler
                0x00000000000003de                FabricIrq5_IRQHandler
                0x00000000000003e0                FabricIrq6_IRQHandler
                0x00000000000003e2                FabricIrq7_IRQHandler
                0x00000000000003e4                FabricIrq8_IRQHandler
                0x00000000000003e6                FabricIrq9_IRQHandler
                0x00000000000003e8                FabricIrq10_IRQHandler
                0x00000000000003ea                FabricIrq11_IRQHandler
                0x00000000000003ec                FabricIrq12_IRQHandler
                0x00000000000003ee                FabricIrq13_IRQHandler
                0x00000000000003f0                FabricIrq14_IRQHandler
                0x00000000000003f2                FabricIrq15_IRQHandler
                0x00000000000003f4                GPIO0_IRQHandler
                0x00000000000003f6                GPIO1_IRQHandler
                0x00000000000003f8                GPIO2_IRQHandler
                0x00000000000003fa                GPIO3_IRQHandler
                0x00000000000003fc                GPIO4_IRQHandler
                0x00000000000003fe                GPIO5_IRQHandler
                0x0000000000000400                GPIO6_IRQHandler
                0x0000000000000402                GPIO7_IRQHandler
                0x0000000000000404                GPIO8_IRQHandler
                0x0000000000000406                GPIO9_IRQHandler
                0x0000000000000408                GPIO10_IRQHandler
                0x000000000000040a                GPIO11_IRQHandler
                0x000000000000040c                GPIO12_IRQHandler
                0x000000000000040e                GPIO13_IRQHandler
                0x0000000000000410                GPIO14_IRQHandler
                0x0000000000000412                GPIO15_IRQHandler
                0x0000000000000414                GPIO16_IRQHandler
                0x0000000000000416                GPIO17_IRQHandler
                0x0000000000000418                GPIO18_IRQHandler
                0x000000000000041a                GPIO19_IRQHandler
                0x000000000000041c                GPIO20_IRQHandler
                0x000000000000041e                GPIO21_IRQHandler
                0x0000000000000420                GPIO22_IRQHandler
                0x0000000000000422                GPIO23_IRQHandler
                0x0000000000000424                GPIO24_IRQHandler
                0x0000000000000426                GPIO25_IRQHandler
                0x0000000000000428                GPIO26_IRQHandler
                0x000000000000042a                GPIO27_IRQHandler
                0x000000000000042c                GPIO28_IRQHandler
                0x000000000000042e                GPIO29_IRQHandler
                0x0000000000000430                GPIO30_IRQHandler
                0x0000000000000432                GPIO31_IRQHandler
                0x0000000000000434                mscc_post_hw_cfg_init
 *system_m2sxxx.o(.text*)
 .text.SystemInit
                0x00000000000004ac       0x20 ./CMSIS/system_m2sxxx.o
                0x00000000000004ac                SystemInit
 .text.get_silicon_revision
                0x00000000000004cc       0x48 ./CMSIS/system_m2sxxx.o
 .text.silicon_workarounds
                0x0000000000000514       0x22 ./CMSIS/system_m2sxxx.o
 *fill*         0x0000000000000536        0x2 
 .text.m2s050_rev_a_workarounds
                0x0000000000000538       0x30 ./CMSIS/system_m2sxxx.o
 *sys_config.o(.rodata*)
                0x0000000000000570                . = ALIGN (0x10)
 *fill*         0x0000000000000568        0x8 

.text           0x0000000000000570     0x2230 load address 0x0000000060000570
 CREATE_OBJECT_SYMBOLS
                0x0000000060000570                __text_load = LOADADDR (.text)
                0x0000000000000570                __text_start = .
 *(.text .text.* .gnu.linkonce.t.*)
 .text.__do_global_dtors_aux
                0x0000000000000570       0x24 c:/microchip/softconsole-v2021.1/arm-none-eabi-gcc/bin/../lib/gcc/arm-none-eabi/9.2.1/thumb/v7-m/nofp/crtbegin.o
 .text.frame_dummy
                0x0000000000000594       0x1c c:/microchip/softconsole-v2021.1/arm-none-eabi-gcc/bin/../lib/gcc/arm-none-eabi/9.2.1/thumb/v7-m/nofp/crtbegin.o
 .text.FLASH_init
                0x00000000000005b0       0x28 ./windbondflash/winbondflash.o
                0x00000000000005b0                FLASH_init
 .text.FLASH_read
                0x00000000000005d8       0x80 ./windbondflash/winbondflash.o
                0x00000000000005d8                FLASH_read
 .text.FLASH_chip_erase
                0x0000000000000658       0x78 ./windbondflash/winbondflash.o
                0x0000000000000658                FLASH_chip_erase
 .text.FLASH_erase_128k_block
                0x00000000000006d0       0x70 ./windbondflash/winbondflash.o
                0x00000000000006d0                FLASH_erase_128k_block
 .text.FLASH_program
                0x0000000000000740      0x194 ./windbondflash/winbondflash.o
                0x0000000000000740                FLASH_program
 .text.wait_ready
                0x00000000000008d4       0x44 ./windbondflash/winbondflash.o
 .text.read_bit_reg8
                0x0000000000000918       0x38 ./drivers/mss_uart/mss_uart.o
 .text.UART0_IRQHandler
                0x0000000000000950       0x24 ./drivers/mss_uart/mss_uart.o
                0x0000000000000950                UART0_IRQHandler
 .text.UART1_IRQHandler
                0x0000000000000974       0x24 ./drivers/mss_uart/mss_uart.o
                0x0000000000000974                UART1_IRQHandler
 .text.MSS_UART_isr
                0x0000000000000998      0x208 ./drivers/mss_uart/mss_uart.o
 .text.NVIC_EnableIRQ
                0x0000000000000ba0       0x30 ./drivers/mss_sys_services/mss_comblk.o
 .text.NVIC_DisableIRQ
                0x0000000000000bd0       0x34 ./drivers/mss_sys_services/mss_comblk.o
 .text.NVIC_ClearPendingIRQ
                0x0000000000000c04       0x34 ./drivers/mss_sys_services/mss_comblk.o
 .text.MSS_COMBLK_init
                0x0000000000000c38       0xd8 ./drivers/mss_sys_services/mss_comblk.o
                0x0000000000000c38                MSS_COMBLK_init
 .text.ComBlk_IRQHandler
                0x0000000000000d10       0x48 ./drivers/mss_sys_services/mss_comblk.o
                0x0000000000000d10                ComBlk_IRQHandler
 .text.handle_tx_okay_irq
                0x0000000000000d58      0x1b0 ./drivers/mss_sys_services/mss_comblk.o
 .text.handle_rx_okay_irq
                0x0000000000000f08      0x210 ./drivers/mss_sys_services/mss_comblk.o
 .text.complete_request
                0x0000000000001118       0x40 ./drivers/mss_sys_services/mss_comblk.o
 .text.abort_current_cmd
                0x0000000000001158       0x4c ./drivers/mss_sys_services/mss_comblk.o
 .text.fill_tx_fifo
                0x00000000000011a4       0x60 ./drivers/mss_sys_services/mss_comblk.o
 .text.process_sys_ctrl_command
                0x0000000000001204       0x28 ./drivers/mss_sys_services/mss_comblk.o
 .text.MSS_SYS_init
                0x000000000000122c       0x50 ./drivers/mss_sys_services/mss_sys_services.o
                0x000000000000122c                MSS_SYS_init
 .text.asynchronous_event_handler
                0x000000000000127c       0xe4 ./drivers/mss_sys_services/mss_sys_services.o
 .text.determine_seq
                0x0000000000001360       0xac ./drivers/mss_sys_services/mss_sys_services.o
 .text.revert_clk_config
                0x000000000000140c      0x1c0 ./drivers/mss_sys_services/mss_sys_services.o
 .text.NVIC_EnableIRQ
                0x00000000000015cc       0x30 ./drivers/mss_spi/mss_spi.o
 .text.NVIC_DisableIRQ
                0x00000000000015fc       0x34 ./drivers/mss_spi/mss_spi.o
 .text.NVIC_ClearPendingIRQ
                0x0000000000001630       0x34 ./drivers/mss_spi/mss_spi.o
 .text.MSS_SPI_init
                0x0000000000001664       0xe4 ./drivers/mss_spi/mss_spi.o
                0x0000000000001664                MSS_SPI_init
 .text.recover_from_rx_overflow
                0x0000000000001748      0x128 ./drivers/mss_spi/mss_spi.o
 .text.MSS_SPI_configure_master_mode
                0x0000000000001870      0x130 ./drivers/mss_spi/mss_spi.o
                0x0000000000001870                MSS_SPI_configure_master_mode
 .text.MSS_SPI_set_slave_select
                0x00000000000019a0       0xec ./drivers/mss_spi/mss_spi.o
                0x00000000000019a0                MSS_SPI_set_slave_select
 .text.MSS_SPI_clear_slave_select
                0x0000000000001a8c       0x88 ./drivers/mss_spi/mss_spi.o
                0x0000000000001a8c                MSS_SPI_clear_slave_select
 .text.MSS_SPI_transfer_block
                0x0000000000001b14      0x1f4 ./drivers/mss_spi/mss_spi.o
                0x0000000000001b14                MSS_SPI_transfer_block
 .text.fill_slave_tx_fifo
                0x0000000000001d08       0xd6 ./drivers/mss_spi/mss_spi.o
 .text.read_slave_rx_fifo
                0x0000000000001dde       0xa6 ./drivers/mss_spi/mss_spi.o
 .text.mss_spi_isr
                0x0000000000001e84      0x27c ./drivers/mss_spi/mss_spi.o
 .text.SPI0_IRQHandler
                0x0000000000002100       0x24 ./drivers/mss_spi/mss_spi.o
                0x0000000000002100                SPI0_IRQHandler
 .text.SPI1_IRQHandler
                0x0000000000002124       0x24 ./drivers/mss_spi/mss_spi.o
                0x0000000000002124                SPI1_IRQHandler
 .text.start_transfer
                0x0000000000002148      0x154 ./drivers/mss_hpdma/mss_hpdma.o
 .text.HPDMA_Complete_IRQHandler
                0x000000000000229c       0xf8 ./drivers/mss_hpdma/mss_hpdma.o
                0x000000000000229c                HPDMA_Complete_IRQHandler
 .text.HPDMA_Error_IRQHandler
                0x0000000000002394      0x104 ./drivers/mss_hpdma/mss_hpdma.o
                0x0000000000002394                HPDMA_Error_IRQHandler
 .text.write_enable
                0x0000000000002498       0x38 ./main.o
                0x0000000000002498                write_enable
 .text.erase_block_flash
                0x00000000000024d0       0x40 ./main.o
                0x00000000000024d0                erase_block_flash
 .text.program_data_load
                0x0000000000002510       0x44 ./main.o
                0x0000000000002510                program_data_load
 .text.program_execute
                0x0000000000002554       0x48 ./main.o
                0x0000000000002554                program_execute
 .text.page_data_read
                0x000000000000259c       0x48 ./main.o
                0x000000000000259c                page_data_read
 .text.read_data
                0x00000000000025e4       0x54 ./main.o
                0x00000000000025e4                read_data
 .text.main     0x0000000000002638       0xd4 ./main.o
                0x0000000000002638                main
 .text.__libc_init_array
                0x000000000000270c       0x48 c:/microchip/softconsole-v2021.1/arm-none-eabi-gcc/bin/../lib/gcc/arm-none-eabi/9.2.1/../../../../arm-none-eabi/lib/thumb/v7-m/nofp\libg_nano.a(lib_a-init.o)
                0x000000000000270c                __libc_init_array
 .text.memset   0x0000000000002754       0x10 c:/microchip/softconsole-v2021.1/arm-none-eabi-gcc/bin/../lib/gcc/arm-none-eabi/9.2.1/../../../../arm-none-eabi/lib/thumb/v7-m/nofp\libg_nano.a(lib_a-memset.o)
                0x0000000000002754                memset
 *(.plt)
 *(.gnu.warning)
 *(.glue_7t)
 .glue_7t       0x0000000000002764        0x0 linker stubs
 *(.glue_7)
 .glue_7        0x0000000000002764        0x0 linker stubs
 *(.vfp11_veneer)
 .vfp11_veneer  0x0000000000002764        0x0 linker stubs
                0x0000000000002764                . = ALIGN (0x4)
 *crtbegin.o(.ctors)
 *(EXCLUDE_FILE(*crtend.o) .ctors)
 *(SORT_BY_NAME(.ctors.*))
 *crtend.o(.ctors)
 *crtbegin.o(.dtors)
 *(EXCLUDE_FILE(*crtend.o) .dtors)
 *(SORT_BY_NAME(.dtors.*))
 *crtend.o(.dtors)
 *(.rodata .rodata.* .gnu.linkonce.r.*)
 .rodata        0x0000000000002764       0x13 ./main.o
 *(.ARM.extab* .gnu.linkonce.armextab.*)
 *(.gcc_except_table)
 *(.eh_frame_hdr)
 *(.eh_frame)
 *fill*         0x0000000000002777        0x1 
 .eh_frame      0x0000000000002778        0x0 c:/microchip/softconsole-v2021.1/arm-none-eabi-gcc/bin/../lib/gcc/arm-none-eabi/9.2.1/thumb/v7-m/nofp/crtbegin.o
 *(.vector_table)
 *(.init)
 .init          0x0000000000002778        0x4 c:/microchip/softconsole-v2021.1/arm-none-eabi-gcc/bin/../lib/gcc/arm-none-eabi/9.2.1/thumb/v7-m/nofp/crti.o
                0x0000000000002778                _init
 .init          0x000000000000277c        0x8 c:/microchip/softconsole-v2021.1/arm-none-eabi-gcc/bin/../lib/gcc/arm-none-eabi/9.2.1/thumb/v7-m/nofp/crtn.o
 *(.fini)
 .fini          0x0000000000002784        0x4 c:/microchip/softconsole-v2021.1/arm-none-eabi-gcc/bin/../lib/gcc/arm-none-eabi/9.2.1/thumb/v7-m/nofp/crti.o
                0x0000000000002784                _fini
 .fini          0x0000000000002788        0x8 c:/microchip/softconsole-v2021.1/arm-none-eabi-gcc/bin/../lib/gcc/arm-none-eabi/9.2.1/thumb/v7-m/nofp/crtn.o
                0x0000000000002790                PROVIDE (__preinit_array_start = .)
 *(.preinit_array)
                0x0000000000002790                PROVIDE (__preinit_array_end = .)
                0x0000000000002790                PROVIDE (__init_array_start = .)
 *(SORT_BY_NAME(.init_array.*))
 *(.init_array)
 .init_array    0x0000000000002790        0x4 c:/microchip/softconsole-v2021.1/arm-none-eabi-gcc/bin/../lib/gcc/arm-none-eabi/9.2.1/thumb/v7-m/nofp/crtbegin.o
                0x0000000000002794                PROVIDE (__init_array_end = .)
                [!provide]                        PROVIDE (__fini_array_start = .)
 *(.fini_array)
 .fini_array    0x0000000000002794        0x4 c:/microchip/softconsole-v2021.1/arm-none-eabi-gcc/bin/../lib/gcc/arm-none-eabi/9.2.1/thumb/v7-m/nofp/crtbegin.o
 *(SORT_BY_NAME(.fini_array.*))
                [!provide]                        PROVIDE (__fini_array_end = .)
                0x00000000000027a0                . = ALIGN (0x10)
 *fill*         0x0000000000002798        0x8 
                0x00000000000027a0                __exidx_start = .

.v4_bx          0x00000000000027a0        0x0 load address 0x00000000600027a0
 .v4_bx         0x00000000000027a0        0x0 linker stubs

.iplt           0x00000000000027a0        0x0 load address 0x00000000600027a0
 .iplt          0x00000000000027a0        0x0 c:/microchip/softconsole-v2021.1/arm-none-eabi-gcc/bin/../lib/gcc/arm-none-eabi/9.2.1/thumb/v7-m/nofp/crtbegin.o

.rel.dyn        0x00000000000027a0        0x0 load address 0x00000000600027a0
 .rel.iplt      0x00000000000027a0        0x0 c:/microchip/softconsole-v2021.1/arm-none-eabi-gcc/bin/../lib/gcc/arm-none-eabi/9.2.1/thumb/v7-m/nofp/crtbegin.o

.ARM.exidx
 *(.ARM.exidx* .gnu.linkonce.armexidx.*)
                0x00000000000027a0                __exidx_end = .
                0x00000000000027a0                _etext = .

.data           0x0000000020000000       0x20 load address 0x00000000600027a0
                0x00000000600027a0                __data_load = LOADADDR (.data)
                0x00000000600027a0                _sidata = LOADADDR (.data)
                0x0000000020000000                __data_start = .
                0x0000000020000000                _sdata = .
 *(.jcr)
 *(.got.plt)
 *(.got)
 *(.shdata)
 *(.data .data.* .gnu.linkonce.d.*)
 .data.div1_seq
                0x0000000020000000        0x4 ./drivers/mss_sys_services/mss_sys_services.o
                0x0000000020000000                div1_seq
 .data.div2_seq
                0x0000000020000004        0x3 ./drivers/mss_sys_services/mss_sys_services.o
                0x0000000020000004                div2_seq
 *fill*         0x0000000020000007        0x1 
 .data.div4_seq
                0x0000000020000008        0x5 ./drivers/mss_sys_services/mss_sys_services.o
                0x0000000020000008                div4_seq
 *fill*         0x000000002000000d        0x3 
 .data.div8_seq
                0x0000000020000010        0x3 ./drivers/mss_sys_services/mss_sys_services.o
                0x0000000020000010                div8_seq
 *fill*         0x0000000020000013        0x1 
 .data.div16_seq
                0x0000000020000014        0x2 ./drivers/mss_sys_services/mss_sys_services.o
                0x0000000020000014                div16_seq
 *fill*         0x0000000020000016        0x2 
 .data.div32_seq
                0x0000000020000018        0x2 ./drivers/mss_sys_services/mss_sys_services.o
                0x0000000020000018                div32_seq
                0x0000000020000020                . = ALIGN (0x10)
 *fill*         0x000000002000001a        0x6 
                0x0000000020000020                _edata = .

.igot.plt       0x0000000020000020        0x0 load address 0x00000000600027c0
 .igot.plt      0x0000000020000020        0x0 c:/microchip/softconsole-v2021.1/arm-none-eabi-gcc/bin/../lib/gcc/arm-none-eabi/9.2.1/thumb/v7-m/nofp/crtbegin.o

.bss            0x0000000020000020      0x210 load address 0x00000000600027c0
                0x0000000020000020                __bss_start__ = .
                0x0000000020000020                _sbss = .
 *(.shbss)
 *(.bss .bss.* .gnu.linkonce.b.*)
 .bss.completed.8911
                0x0000000020000020        0x1 c:/microchip/softconsole-v2021.1/arm-none-eabi-gcc/bin/../lib/gcc/arm-none-eabi/9.2.1/thumb/v7-m/nofp/crtbegin.o
 *fill*         0x0000000020000021        0x3 
 .bss.object.8916
                0x0000000020000024       0x18 c:/microchip/softconsole-v2021.1/arm-none-eabi-gcc/bin/../lib/gcc/arm-none-eabi/9.2.1/thumb/v7-m/nofp/crtbegin.o
 .bss.g_comblk_cmd_opcode
                0x000000002000003c        0x1 ./drivers/mss_sys_services/mss_comblk.o
 *fill*         0x000000002000003d        0x3 
 .bss.g_comblk_p_cmd
                0x0000000020000040        0x4 ./drivers/mss_sys_services/mss_comblk.o
 .bss.g_comblk_cmd_size
                0x0000000020000044        0x2 ./drivers/mss_sys_services/mss_comblk.o
 *fill*         0x0000000020000046        0x2 
 .bss.g_comblk_p_data
                0x0000000020000048        0x4 ./drivers/mss_sys_services/mss_comblk.o
 .bss.g_comblk_data_size
                0x000000002000004c        0x4 ./drivers/mss_sys_services/mss_comblk.o
 .bss.g_comblk_p_response
                0x0000000020000050        0x4 ./drivers/mss_sys_services/mss_comblk.o
 .bss.g_comblk_response_size
                0x0000000020000054        0x2 ./drivers/mss_sys_services/mss_comblk.o
 .bss.g_comblk_response_idx
                0x0000000020000056        0x2 ./drivers/mss_sys_services/mss_comblk.o
 .bss.g_comblk_completion_handler
                0x0000000020000058        0x4 ./drivers/mss_sys_services/mss_comblk.o
 .bss.g_comblk_page_handler
                0x000000002000005c        0x4 ./drivers/mss_sys_services/mss_comblk.o
 .bss.g_request_in_progress
                0x0000000020000060        0x1 ./drivers/mss_sys_services/mss_comblk.o
 .bss.g_comblk_state
                0x0000000020000061        0x1 ./drivers/mss_sys_services/mss_comblk.o
 *fill*         0x0000000020000062        0x2 
 .bss.g_async_event_handler
                0x0000000020000064        0x4 ./drivers/mss_sys_services/mss_comblk.o
 .bss.g_request_in_progress
                0x0000000020000068        0x1 ./drivers/mss_sys_services/mss_sys_services.o
 *fill*         0x0000000020000069        0x1 
 .bss.g_last_response_length
                0x000000002000006a        0x2 ./drivers/mss_sys_services/mss_sys_services.o
 .bss.g_event_handler
                0x000000002000006c        0x4 ./drivers/mss_sys_services/mss_sys_services.o
 .bss.g_response
                0x0000000020000070        0x2 ./drivers/mss_sys_services/mss_sys_services.o
 *fill*         0x0000000020000072        0x2 
 .bss.g_initial_mssddr_facc1_cr
                0x0000000020000074        0x4 ./drivers/mss_sys_services/mss_sys_services.o
 .bss.divisor   0x0000000020000078       0x10 ./drivers/mss_sys_services/mss_sys_services.o
                0x0000000020000078                divisor
 .bss.g_transfer
                0x0000000020000088       0x18 ./drivers/mss_hpdma/mss_hpdma.o
 .bss.g_hpdma_end_desc
                0x00000000200000a0        0x4 ./drivers/mss_hpdma/mss_hpdma.o
 .bss.g_hpdma_current_desc
                0x00000000200000a4        0x4 ./drivers/mss_hpdma/mss_hpdma.o
 *(COMMON)
 COMMON         0x00000000200000a8       0x80 ./drivers/mss_uart/mss_uart.o
                0x00000000200000a8                g_mss_uart1
                0x00000000200000e8                g_mss_uart0
 COMMON         0x0000000020000128      0x108 ./drivers/mss_spi/mss_spi.o
                0x0000000020000128                g_mss_spi1
                0x00000000200001ac                g_mss_spi0
                0x0000000020000230                . = ALIGN (0x10)
                0x0000000020000230                __bss_end__ = .
                0x0000000020000230                _end = .
                0x0000000020000230                __end = _end
                0x0000000020000230                _ebss = .
                [!provide]                        PROVIDE (end = .)

.heap           0x0000000020000230     0xedd0 load address 0x00000000600027c0
                0x0000000020000230                __heap_start__ = .
                0x0000000020001230                . = (. + MIN_SIZE_HEAP)
 *fill*         0x0000000020000230     0x1000 
                0x000000002000f000                . = (. + (((ABSOLUTE (RAM_START_ADDRESS) + RAM_SIZE) - MAIN_STACK_SIZE) - .))
 *fill*         0x0000000020001230     0xddd0 
                0x000000002000f000                _eheap = .

.stack          0x000000002000f000     0x1000 load address 0x00000000600027c0
                0x000000002000f000                __stack_start__ = .
                0x0000000020010000                . = (. + MAIN_STACK_SIZE)
 *fill*         0x000000002000f000     0x1000 
                0x0000000020010000                _estack = .

.stab
 *(.stab)

.stabstr
 *(.stabstr)

.debug
 *(.debug)

.line
 *(.line)

.debug_srcinfo
 *(.debug_srcinfo)

.debug_sfnames
 *(.debug_sfnames)

.debug_aranges  0x0000000000000000      0x6c8
 *(.debug_aranges)
 .debug_aranges
                0x0000000000000000       0x68 ./windbondflash/winbondflash.o
 .debug_aranges
                0x0000000000000068      0x1d0 ./drivers/mss_uart/mss_uart.o
 .debug_aranges
                0x0000000000000238       0x90 ./drivers/mss_sys_services/mss_comblk.o
 .debug_aranges
                0x00000000000002c8      0x1c8 ./drivers/mss_sys_services/mss_sys_services.o
 .debug_aranges
                0x0000000000000490       0xe0 ./drivers/mss_spi/mss_spi.o
 .debug_aranges
                0x0000000000000570       0x80 ./drivers/mss_hpdma/mss_hpdma.o
 .debug_aranges
                0x00000000000005f0       0x20 ./CMSIS/startup_gcc/startup_m2sxxx.o
 .debug_aranges
                0x0000000000000610       0x50 ./CMSIS/system_m2sxxx.o
 .debug_aranges
                0x0000000000000660       0x68 ./main.o

.debug_pubnames
 *(.debug_pubnames)

.debug_info     0x0000000000000000     0xb89a
 *(.debug_info .gnu.linkonce.wi.*)
 .debug_info    0x0000000000000000     0x1335 ./windbondflash/winbondflash.o
 .debug_info    0x0000000000001335     0x1ea8 ./drivers/mss_uart/mss_uart.o
 .debug_info    0x00000000000031dd      0xb4b ./drivers/mss_sys_services/mss_comblk.o
 .debug_info    0x0000000000003d28     0x2867 ./drivers/mss_sys_services/mss_sys_services.o
 .debug_info    0x000000000000658f     0x1f5b ./drivers/mss_spi/mss_spi.o
 .debug_info    0x00000000000084ea     0x1231 ./drivers/mss_hpdma/mss_hpdma.o
 .debug_info    0x000000000000971b       0x26 ./CMSIS/startup_gcc/startup_m2sxxx.o
 .debug_info    0x0000000000009741      0xb61 ./CMSIS/system_m2sxxx.o
 .debug_info    0x000000000000a2a2     0x15f8 ./main.o

.debug_abbrev   0x0000000000000000     0x1686
 *(.debug_abbrev)
 .debug_abbrev  0x0000000000000000      0x306 ./windbondflash/winbondflash.o
 .debug_abbrev  0x0000000000000306      0x356 ./drivers/mss_uart/mss_uart.o
 .debug_abbrev  0x000000000000065c      0x224 ./drivers/mss_sys_services/mss_comblk.o
 .debug_abbrev  0x0000000000000880      0x367 ./drivers/mss_sys_services/mss_sys_services.o
 .debug_abbrev  0x0000000000000be7      0x35d ./drivers/mss_spi/mss_spi.o
 .debug_abbrev  0x0000000000000f44      0x2a3 ./drivers/mss_hpdma/mss_hpdma.o
 .debug_abbrev  0x00000000000011e7       0x14 ./CMSIS/startup_gcc/startup_m2sxxx.o
 .debug_abbrev  0x00000000000011fb      0x1b2 ./CMSIS/system_m2sxxx.o
 .debug_abbrev  0x00000000000013ad      0x2d9 ./main.o

.debug_line     0x0000000000000000     0x5e11
 *(.debug_line)
 .debug_line    0x0000000000000000      0x682 ./windbondflash/winbondflash.o
 .debug_line    0x0000000000000682     0x159a ./drivers/mss_uart/mss_uart.o
 .debug_line    0x0000000000001c1c      0x89b ./drivers/mss_sys_services/mss_comblk.o
 .debug_line    0x00000000000024b7     0x15a5 ./drivers/mss_sys_services/mss_sys_services.o
 .debug_line    0x0000000000003a5c     0x1061 ./drivers/mss_spi/mss_spi.o
 .debug_line    0x0000000000004abd      0x653 ./drivers/mss_hpdma/mss_hpdma.o
 .debug_line    0x0000000000005110      0x18e ./CMSIS/startup_gcc/startup_m2sxxx.o
 .debug_line    0x000000000000529e      0x41f ./CMSIS/system_m2sxxx.o
 .debug_line    0x00000000000056bd      0x754 ./main.o

.debug_frame    0x0000000000000000     0x1c5c
 *(.debug_frame)
 .debug_frame   0x0000000000000000      0x184 ./windbondflash/winbondflash.o
 .debug_frame   0x0000000000000184      0x820 ./drivers/mss_uart/mss_uart.o
 .debug_frame   0x00000000000009a4      0x240 ./drivers/mss_sys_services/mss_comblk.o
 .debug_frame   0x0000000000000be4      0x7dc ./drivers/mss_sys_services/mss_sys_services.o
 .debug_frame   0x00000000000013c0      0x3c0 ./drivers/mss_spi/mss_spi.o
 .debug_frame   0x0000000000001780      0x208 ./drivers/mss_hpdma/mss_hpdma.o
 .debug_frame   0x0000000000001988      0x10c ./CMSIS/system_m2sxxx.o
 .debug_frame   0x0000000000001a94      0x17c ./main.o
 .debug_frame   0x0000000000001c10       0x2c c:/microchip/softconsole-v2021.1/arm-none-eabi-gcc/bin/../lib/gcc/arm-none-eabi/9.2.1/../../../../arm-none-eabi/lib/thumb/v7-m/nofp\libg_nano.a(lib_a-init.o)
 .debug_frame   0x0000000000001c3c       0x20 c:/microchip/softconsole-v2021.1/arm-none-eabi-gcc/bin/../lib/gcc/arm-none-eabi/9.2.1/../../../../arm-none-eabi/lib/thumb/v7-m/nofp\libg_nano.a(lib_a-memset.o)

.debug_str      0x0000000000000000    0x13d55
 *(.debug_str)
 .debug_str     0x0000000000000000     0xcb7a ./windbondflash/winbondflash.o
                                       0xcec9 (size before relaxing)
 .debug_str     0x000000000000cb7a     0x1f34 ./drivers/mss_uart/mss_uart.o
                                       0xbe1d (size before relaxing)
 .debug_str     0x000000000000eaae      0x4b6 ./drivers/mss_sys_services/mss_comblk.o
                                       0xa1f5 (size before relaxing)
 .debug_str     0x000000000000ef64     0x24d4 ./drivers/mss_sys_services/mss_sys_services.o
                                       0xf009 (size before relaxing)
 .debug_str     0x0000000000011438      0x706 ./drivers/mss_spi/mss_spi.o
                                       0xdb74 (size before relaxing)
 .debug_str     0x0000000000011b3e      0x754 ./drivers/mss_hpdma/mss_hpdma.o
                                       0xab0f (size before relaxing)
 .debug_str     0x0000000000012292       0x34 ./CMSIS/startup_gcc/startup_m2sxxx.o
                                         0x80 (size before relaxing)
 .debug_str     0x00000000000122c6      0x74c ./CMSIS/system_m2sxxx.o
                                       0xa1df (size before relaxing)
 .debug_str     0x0000000000012a12     0x1343 ./main.o
                                       0xf719 (size before relaxing)

.debug_loc
 *(.debug_loc)

.debug_macinfo
 *(.debug_macinfo)

.debug_weaknames
 *(.debug_weaknames)

.debug_funcnames
 *(.debug_funcnames)

.debug_typenames
 *(.debug_typenames)

.debug_varnames
 *(.debug_varnames)

.note.gnu.arm.ident
 *(.note.gnu.arm.ident)

.ARM.attributes
                0x0000000000000000       0x29
 *(.ARM.attributes)
 .ARM.attributes
                0x0000000000000000       0x1d c:/microchip/softconsole-v2021.1/arm-none-eabi-gcc/bin/../lib/gcc/arm-none-eabi/9.2.1/thumb/v7-m/nofp/crti.o
 .ARM.attributes
                0x000000000000001d       0x2d c:/microchip/softconsole-v2021.1/arm-none-eabi-gcc/bin/../lib/gcc/arm-none-eabi/9.2.1/thumb/v7-m/nofp/crtbegin.o
 .ARM.attributes
                0x000000000000004a       0x1b c:/microchip/softconsole-v2021.1/arm-none-eabi-gcc/bin/../lib/gcc/arm-none-eabi/9.2.1/../../../../arm-none-eabi/lib/thumb/v7-m/nofp/crt0.o
 .ARM.attributes
                0x0000000000000065       0x2d ./windbondflash/winbondflash.o
 .ARM.attributes
                0x0000000000000092       0x1b ./hal/CortexM3/GNU/hal.o
 .ARM.attributes
                0x00000000000000ad       0x1b ./hal/CortexM3/GNU/hw_reg_access.o
 .ARM.attributes
                0x00000000000000c8       0x2d ./hal/CortexM3/cortex_nvic.o
 .ARM.attributes
                0x00000000000000f5       0x33 ./drivers_config/sys_config/sys_config.o
 .ARM.attributes
                0x0000000000000128       0x2d ./drivers/mss_uart/mss_uart.o
 .ARM.attributes
                0x0000000000000155       0x2d ./drivers/mss_sys_services/mss_comblk.o
 .ARM.attributes
                0x0000000000000182       0x2d ./drivers/mss_sys_services/mss_sys_services.o
 .ARM.attributes
                0x00000000000001af       0x2d ./drivers/mss_spi/mss_spi.o
 .ARM.attributes
                0x00000000000001dc       0x2d ./drivers/mss_nvm/mss_nvm.o
 .ARM.attributes
                0x0000000000000209       0x2d ./drivers/mss_hpdma/mss_hpdma.o
 .ARM.attributes
                0x0000000000000236       0x2d ./CMSIS/startup_gcc/newlib_stubs.o
 .ARM.attributes
                0x0000000000000263       0x21 ./CMSIS/startup_gcc/startup_m2sxxx.o
 .ARM.attributes
                0x0000000000000284       0x2d ./CMSIS/system_m2sxxx.o
 .ARM.attributes
                0x00000000000002b1       0x2d ./main.o
 .ARM.attributes
                0x00000000000002de       0x2d c:/microchip/softconsole-v2021.1/arm-none-eabi-gcc/bin/../lib/gcc/arm-none-eabi/9.2.1/../../../../arm-none-eabi/lib/thumb/v7-m/nofp\libg_nano.a(lib_a-errno.o)
 .ARM.attributes
                0x000000000000030b       0x2d c:/microchip/softconsole-v2021.1/arm-none-eabi-gcc/bin/../lib/gcc/arm-none-eabi/9.2.1/../../../../arm-none-eabi/lib/thumb/v7-m/nofp\libg_nano.a(lib_a-exit.o)
 .ARM.attributes
                0x0000000000000338       0x2d c:/microchip/softconsole-v2021.1/arm-none-eabi-gcc/bin/../lib/gcc/arm-none-eabi/9.2.1/../../../../arm-none-eabi/lib/thumb/v7-m/nofp\libg_nano.a(lib_a-impure.o)
 .ARM.attributes
                0x0000000000000365       0x2d c:/microchip/softconsole-v2021.1/arm-none-eabi-gcc/bin/../lib/gcc/arm-none-eabi/9.2.1/../../../../arm-none-eabi/lib/thumb/v7-m/nofp\libg_nano.a(lib_a-init.o)
 .ARM.attributes
                0x0000000000000392       0x2d c:/microchip/softconsole-v2021.1/arm-none-eabi-gcc/bin/../lib/gcc/arm-none-eabi/9.2.1/../../../../arm-none-eabi/lib/thumb/v7-m/nofp\libg_nano.a(lib_a-memcpy-stub.o)
 .ARM.attributes
                0x00000000000003bf       0x2d c:/microchip/softconsole-v2021.1/arm-none-eabi-gcc/bin/../lib/gcc/arm-none-eabi/9.2.1/../../../../arm-none-eabi/lib/thumb/v7-m/nofp\libg_nano.a(lib_a-memset.o)
 .ARM.attributes
                0x00000000000003ec       0x2d c:/microchip/softconsole-v2021.1/arm-none-eabi-gcc/bin/../lib/gcc/arm-none-eabi/9.2.1/thumb/v7-m/nofp/crtend.o
 .ARM.attributes
                0x0000000000000419       0x1d c:/microchip/softconsole-v2021.1/arm-none-eabi-gcc/bin/../lib/gcc/arm-none-eabi/9.2.1/thumb/v7-m/nofp/crtn.o

/DISCARD/
 *(.note.GNU-stack)
OUTPUT(IAP_M2S005.elf elf32-littlearm)

.debug_ranges   0x0000000000000000      0x6a8
 .debug_ranges  0x0000000000000000       0x58 ./windbondflash/winbondflash.o
 .debug_ranges  0x0000000000000058      0x1d8 ./drivers/mss_uart/mss_uart.o
 .debug_ranges  0x0000000000000230       0xd0 ./drivers/mss_sys_services/mss_comblk.o
 .debug_ranges  0x0000000000000300      0x1b8 ./drivers/mss_sys_services/mss_sys_services.o
 .debug_ranges  0x00000000000004b8       0xd0 ./drivers/mss_spi/mss_spi.o
 .debug_ranges  0x0000000000000588       0x70 ./drivers/mss_hpdma/mss_hpdma.o
 .debug_ranges  0x00000000000005f8       0x58 ./CMSIS/system_m2sxxx.o
 .debug_ranges  0x0000000000000650       0x58 ./main.o

.debug_macro    0x0000000000000000     0x419b
 .debug_macro   0x0000000000000000      0x1ce ./windbondflash/winbondflash.o
 .debug_macro   0x00000000000001ce      0xa84 ./windbondflash/winbondflash.o
 .debug_macro   0x0000000000000c52       0x22 ./windbondflash/winbondflash.o
 .debug_macro   0x0000000000000c74       0x8e ./windbondflash/winbondflash.o
 .debug_macro   0x0000000000000d02       0x51 ./windbondflash/winbondflash.o
 .debug_macro   0x0000000000000d53       0xef ./windbondflash/winbondflash.o
 .debug_macro   0x0000000000000e42       0x6a ./windbondflash/winbondflash.o
 .debug_macro   0x0000000000000eac      0x1df ./windbondflash/winbondflash.o
 .debug_macro   0x000000000000108b       0x18 ./windbondflash/winbondflash.o
 .debug_macro   0x00000000000010a3       0x64 ./windbondflash/winbondflash.o
 .debug_macro   0x0000000000001107       0x35 ./windbondflash/winbondflash.o
 .debug_macro   0x000000000000113c       0x34 ./windbondflash/winbondflash.o
 .debug_macro   0x0000000000001170       0x16 ./windbondflash/winbondflash.o
 .debug_macro   0x0000000000001186      0x10e ./windbondflash/winbondflash.o
 .debug_macro   0x0000000000001294       0x8d ./windbondflash/winbondflash.o
 .debug_macro   0x0000000000001321       0x58 ./windbondflash/winbondflash.o
 .debug_macro   0x0000000000001379       0x1f ./windbondflash/winbondflash.o
 .debug_macro   0x0000000000001398       0x43 ./windbondflash/winbondflash.o
 .debug_macro   0x00000000000013db       0x20 ./windbondflash/winbondflash.o
 .debug_macro   0x00000000000013fb      0x18e ./windbondflash/winbondflash.o
 .debug_macro   0x0000000000001589      0x339 ./windbondflash/winbondflash.o
 .debug_macro   0x00000000000018c2       0x16 ./windbondflash/winbondflash.o
 .debug_macro   0x00000000000018d8       0x29 ./windbondflash/winbondflash.o
 .debug_macro   0x0000000000001901       0x26 ./windbondflash/winbondflash.o
 .debug_macro   0x0000000000001927       0x3a ./windbondflash/winbondflash.o
 .debug_macro   0x0000000000001961       0x34 ./windbondflash/winbondflash.o
 .debug_macro   0x0000000000001995      0xca6 ./windbondflash/winbondflash.o
 .debug_macro   0x000000000000263b      0x265 ./windbondflash/winbondflash.o
 .debug_macro   0x00000000000028a0      0x185 ./drivers/mss_uart/mss_uart.o
 .debug_macro   0x0000000000002a25      0x174 ./drivers/mss_uart/mss_uart.o
 .debug_macro   0x0000000000002b99      0x177 ./drivers/mss_uart/mss_uart.o
 .debug_macro   0x0000000000002d10       0xe2 ./drivers/mss_uart/mss_uart.o
 .debug_macro   0x0000000000002df2       0x22 ./drivers/mss_uart/mss_uart.o
 .debug_macro   0x0000000000002e14      0x168 ./drivers/mss_sys_services/mss_comblk.o
 .debug_macro   0x0000000000002f7c      0x3f4 ./drivers/mss_sys_services/mss_sys_services.o
 .debug_macro   0x0000000000003370      0x2f8 ./drivers/mss_sys_services/mss_sys_services.o
 .debug_macro   0x0000000000003668       0x10 ./drivers/mss_sys_services/mss_sys_services.o
 .debug_macro   0x0000000000003678       0x35 ./drivers/mss_sys_services/mss_sys_services.o
 .debug_macro   0x00000000000036ad      0x26a ./drivers/mss_spi/mss_spi.o
 .debug_macro   0x0000000000003917      0x151 ./drivers/mss_hpdma/mss_hpdma.o
 .debug_macro   0x0000000000003a68       0x5e ./drivers/mss_hpdma/mss_hpdma.o
 .debug_macro   0x0000000000003ac6       0x94 ./drivers/mss_hpdma/mss_hpdma.o
 .debug_macro   0x0000000000003b5a       0x57 ./drivers/mss_hpdma/mss_hpdma.o
 .debug_macro   0x0000000000003bb1       0x10 ./drivers/mss_hpdma/mss_hpdma.o
 .debug_macro   0x0000000000003bc1      0x173 ./CMSIS/system_m2sxxx.o
 .debug_macro   0x0000000000003d34      0x2b6 ./main.o
 .debug_macro   0x0000000000003fea       0x1c ./main.o
 .debug_macro   0x0000000000004006       0x10 ./main.o
 .debug_macro   0x0000000000004016       0x16 ./main.o
 .debug_macro   0x000000000000402c      0x16f ./main.o

.comment        0x0000000000000000       0x66
 .comment       0x0000000000000000       0x66 ./windbondflash/winbondflash.o
                                         0x67 (size before relaxing)
 .comment       0x0000000000000066       0x67 ./drivers/mss_uart/mss_uart.o
 .comment       0x0000000000000066       0x67 ./drivers/mss_sys_services/mss_comblk.o
 .comment       0x0000000000000066       0x67 ./drivers/mss_sys_services/mss_sys_services.o
 .comment       0x0000000000000066       0x67 ./drivers/mss_spi/mss_spi.o
 .comment       0x0000000000000066       0x67 ./drivers/mss_hpdma/mss_hpdma.o
 .comment       0x0000000000000066       0x67 ./CMSIS/system_m2sxxx.o
 .comment       0x0000000000000066       0x67 ./main.o
