Archive member included to satisfy reference by file (symbol)

c:/microchip/softconsole-v2021.1/arm-none-eabi-gcc/bin/../lib/gcc/arm-none-eabi/9.2.1/../../../../arm-none-eabi/lib/thumb/v7-m/nofp\libg_nano.a(lib_a-atoi.o)
                              ./main.o (atoi)
c:/microchip/softconsole-v2021.1/arm-none-eabi-gcc/bin/../lib/gcc/arm-none-eabi/9.2.1/../../../../arm-none-eabi/lib/thumb/v7-m/nofp\libg_nano.a(lib_a-errno.o)
                              ./CMSIS/startup_gcc/newlib_stubs.o (__errno)
c:/microchip/softconsole-v2021.1/arm-none-eabi-gcc/bin/../lib/gcc/arm-none-eabi/9.2.1/../../../../arm-none-eabi/lib/thumb/v7-m/nofp\libg_nano.a(lib_a-exit.o)
                              c:/microchip/softconsole-v2021.1/arm-none-eabi-gcc/bin/../lib/gcc/arm-none-eabi/9.2.1/../../../../arm-none-eabi/lib/thumb/v7-m/nofp/crt0.o (exit)
c:/microchip/softconsole-v2021.1/arm-none-eabi-gcc/bin/../lib/gcc/arm-none-eabi/9.2.1/../../../../arm-none-eabi/lib/thumb/v7-m/nofp\libg_nano.a(lib_a-impure.o)
                              c:/microchip/softconsole-v2021.1/arm-none-eabi-gcc/bin/../lib/gcc/arm-none-eabi/9.2.1/../../../../arm-none-eabi/lib/thumb/v7-m/nofp\libg_nano.a(lib_a-exit.o) (_global_impure_ptr)
c:/microchip/softconsole-v2021.1/arm-none-eabi-gcc/bin/../lib/gcc/arm-none-eabi/9.2.1/../../../../arm-none-eabi/lib/thumb/v7-m/nofp\libg_nano.a(lib_a-init.o)
                              c:/microchip/softconsole-v2021.1/arm-none-eabi-gcc/bin/../lib/gcc/arm-none-eabi/9.2.1/../../../../arm-none-eabi/lib/thumb/v7-m/nofp/crt0.o (__libc_init_array)
c:/microchip/softconsole-v2021.1/arm-none-eabi-gcc/bin/../lib/gcc/arm-none-eabi/9.2.1/../../../../arm-none-eabi/lib/thumb/v7-m/nofp\libg_nano.a(lib_a-memcpy-stub.o)
                              ./drivers/mss_sys_services/mss_sys_services.o (memcpy)
c:/microchip/softconsole-v2021.1/arm-none-eabi-gcc/bin/../lib/gcc/arm-none-eabi/9.2.1/../../../../arm-none-eabi/lib/thumb/v7-m/nofp\libg_nano.a(lib_a-memset.o)
                              c:/microchip/softconsole-v2021.1/arm-none-eabi-gcc/bin/../lib/gcc/arm-none-eabi/9.2.1/../../../../arm-none-eabi/lib/thumb/v7-m/nofp/crt0.o (memset)
c:/microchip/softconsole-v2021.1/arm-none-eabi-gcc/bin/../lib/gcc/arm-none-eabi/9.2.1/../../../../arm-none-eabi/lib/thumb/v7-m/nofp\libg_nano.a(lib_a-rand.o)
                              ./main.o (rand)
c:/microchip/softconsole-v2021.1/arm-none-eabi-gcc/bin/../lib/gcc/arm-none-eabi/9.2.1/../../../../arm-none-eabi/lib/thumb/v7-m/nofp\libg_nano.a(lib_a-strtol.o)
                              c:/microchip/softconsole-v2021.1/arm-none-eabi-gcc/bin/../lib/gcc/arm-none-eabi/9.2.1/../../../../arm-none-eabi/lib/thumb/v7-m/nofp\libg_nano.a(lib_a-atoi.o) (_strtol_r)
c:/microchip/softconsole-v2021.1/arm-none-eabi-gcc/bin/../lib/gcc/arm-none-eabi/9.2.1/../../../../arm-none-eabi/lib/thumb/v7-m/nofp\libg_nano.a(lib_a-ctype_.o)
                              c:/microchip/softconsole-v2021.1/arm-none-eabi-gcc/bin/../lib/gcc/arm-none-eabi/9.2.1/../../../../arm-none-eabi/lib/thumb/v7-m/nofp\libg_nano.a(lib_a-strtol.o) (_ctype_)
c:/microchip/softconsole-v2021.1/arm-none-eabi-gcc/bin/../lib/gcc/arm-none-eabi/9.2.1/../../../../arm-none-eabi/lib/thumb/v7-m/nofp\libg_nano.a(lib_a-malloc.o)
                              c:/microchip/softconsole-v2021.1/arm-none-eabi-gcc/bin/../lib/gcc/arm-none-eabi/9.2.1/../../../../arm-none-eabi/lib/thumb/v7-m/nofp\libg_nano.a(lib_a-rand.o) (malloc)
c:/microchip/softconsole-v2021.1/arm-none-eabi-gcc/bin/../lib/gcc/arm-none-eabi/9.2.1/../../../../arm-none-eabi/lib/thumb/v7-m/nofp\libg_nano.a(lib_a-nano-freer.o)
                              c:/microchip/softconsole-v2021.1/arm-none-eabi-gcc/bin/../lib/gcc/arm-none-eabi/9.2.1/../../../../arm-none-eabi/lib/thumb/v7-m/nofp\libg_nano.a(lib_a-malloc.o) (_free_r)
c:/microchip/softconsole-v2021.1/arm-none-eabi-gcc/bin/../lib/gcc/arm-none-eabi/9.2.1/../../../../arm-none-eabi/lib/thumb/v7-m/nofp\libg_nano.a(lib_a-nano-mallocr.o)
                              c:/microchip/softconsole-v2021.1/arm-none-eabi-gcc/bin/../lib/gcc/arm-none-eabi/9.2.1/../../../../arm-none-eabi/lib/thumb/v7-m/nofp\libg_nano.a(lib_a-malloc.o) (_malloc_r)
c:/microchip/softconsole-v2021.1/arm-none-eabi-gcc/bin/../lib/gcc/arm-none-eabi/9.2.1/../../../../arm-none-eabi/lib/thumb/v7-m/nofp\libg_nano.a(lib_a-sbrkr.o)
                              c:/microchip/softconsole-v2021.1/arm-none-eabi-gcc/bin/../lib/gcc/arm-none-eabi/9.2.1/../../../../arm-none-eabi/lib/thumb/v7-m/nofp\libg_nano.a(lib_a-nano-mallocr.o) (_sbrk_r)
c:/microchip/softconsole-v2021.1/arm-none-eabi-gcc/bin/../lib/gcc/arm-none-eabi/9.2.1/../../../../arm-none-eabi/lib/thumb/v7-m/nofp\libg_nano.a(lib_a-mlock.o)
                              c:/microchip/softconsole-v2021.1/arm-none-eabi-gcc/bin/../lib/gcc/arm-none-eabi/9.2.1/../../../../arm-none-eabi/lib/thumb/v7-m/nofp\libg_nano.a(lib_a-nano-freer.o) (__malloc_lock)
[...]
Memory Configuration

Name             Origin             Length             Attributes
rom              0x0000000060000000 0x0000000000040000 xr
romMirror        0x0000000000000000 0x0000000000040000 xr
ram              0x0000000020000000 0x0000000000010000 xrw
*default*        0x0000000000000000 0xffffffffffffffff

Linker script and memory map

LOAD c:/microchip/softconsole-v2021.1/arm-none-eabi-gcc/bin/../lib/gcc/arm-none-eabi/9.2.1/thumb/v7-m/nofp/crti.o
LOAD c:/microchip/softconsole-v2021.1/arm-none-eabi-gcc/bin/../lib/gcc/arm-none-eabi/9.2.1/thumb/v7-m/nofp/crtbegin.o
LOAD c:/microchip/softconsole-v2021.1/arm-none-eabi-gcc/bin/../lib/gcc/arm-none-eabi/9.2.1/../../../../arm-none-eabi/lib/thumb/v7-m/nofp/crt0.o
LOAD ./windbondflash/winbondflash.o
LOAD ./hal/CortexM3/GNU/hal.o
LOAD ./hal/CortexM3/GNU/hw_reg_access.o
LOAD ./hal/CortexM3/cortex_nvic.o
LOAD ./drivers_config/sys_config/sys_config.o
LOAD ./drivers/mss_uart/mss_uart.o
LOAD ./drivers/mss_sys_services/mss_comblk.o
LOAD ./drivers/mss_sys_services/mss_sys_services.o
LOAD ./drivers/mss_spi/mss_spi.o
LOAD ./drivers/mss_nvm/mss_nvm.o
LOAD ./drivers/mss_hpdma/mss_hpdma.o
LOAD ./drivers/mss_gpio/mss_gpio.o
LOAD ./CMSIS/startup_gcc/newlib_stubs.o
LOAD ./CMSIS/startup_gcc/startup_m2sxxx.o
LOAD ./CMSIS/system_m2sxxx.o
LOAD ./main.o
START GROUP
LOAD c:/microchip/softconsole-v2021.1/arm-none-eabi-gcc/bin/../lib/gcc/arm-none-eabi/9.2.1/thumb/v7-m/nofp\libgcc.a
LOAD c:/microchip/softconsole-v2021.1/arm-none-eabi-gcc/bin/../lib/gcc/arm-none-eabi/9.2.1/../../../../arm-none-eabi/lib/thumb/v7-m/nofp\libg_nano.a
LOAD c:/microchip/softconsole-v2021.1/arm-none-eabi-gcc/bin/../lib/gcc/arm-none-eabi/9.2.1/../../../../arm-none-eabi/lib/thumb/v7-m/nofp\libc_nano.a
END GROUP
START GROUP
LOAD c:/microchip/softconsole-v2021.1/arm-none-eabi-gcc/bin/../lib/gcc/arm-none-eabi/9.2.1/thumb/v7-m/nofp\libgcc.a
LOAD c:/microchip/softconsole-v2021.1/arm-none-eabi-gcc/bin/../lib/gcc/arm-none-eabi/9.2.1/../../../../arm-none-eabi/lib/thumb/v7-m/nofp\libc_nano.a
END GROUP
LOAD c:/microchip/softconsole-v2021.1/arm-none-eabi-gcc/bin/../lib/gcc/arm-none-eabi/9.2.1/thumb/v7-m/nofp/crtend.o
LOAD c:/microchip/softconsole-v2021.1/arm-none-eabi-gcc/bin/../lib/gcc/arm-none-eabi/9.2.1/thumb/v7-m/nofp/crtn.o
START GROUP
LOAD c:/microchip/softconsole-v2021.1/arm-none-eabi-gcc/bin/../lib/gcc/arm-none-eabi/9.2.1/../../../../arm-none-eabi/lib/thumb/v7-m/nofp\libc.a
LOAD c:/microchip/softconsole-v2021.1/arm-none-eabi-gcc/bin/../lib/gcc/arm-none-eabi/9.2.1/thumb/v7-m/nofp\libgcc.a
LOAD c:/microchip/softconsole-v2021.1/arm-none-eabi-gcc/bin/../lib/gcc/arm-none-eabi/9.2.1/../../../../arm-none-eabi/lib/thumb/v7-m/nofp\libm.a
END GROUP
                0x0000000000000000                __DYNAMIC = 0x0
                0x0000000020000000                RAM_START_ADDRESS = 0x20000000
                0x0000000000010000                RAM_SIZE = 0x10000
                0x0000000000001000                MAIN_STACK_SIZE = 0x1000
                0x0000000000001000                MIN_SIZE_HEAP = 0x1000
                0x0000000020010000                PROVIDE (__main_stack_start = (RAM_START_ADDRESS + RAM_SIZE))
                0x0000000020010000                PROVIDE (_estack = __main_stack_start)
                0x0000000000000001                PROVIDE (__mirrored_nvm = 0x1)
                0x0000000000000000                PROVIDE (__smartfusion2_memory_remap = 0x0)

.vector_table   0x0000000000000000      0x190 load address 0x0000000060000000
                0x0000000060000000                __vector_table_load = LOADADDR (.vector_table)
                0x0000000000000000                __vector_table_start = .
                0x0000000000000000                __vector_table_vma_base_address = .
 *(.isr_vector)
 .isr_vector    0x0000000000000000      0x190 ./CMSIS/startup_gcc/startup_m2sxxx.o
                0x0000000000000000                g_pfnVectors
                0x0000000000000190                . = ALIGN (0x10)
                0x0000000000000190                _evector_table = .

.boot_code      0x0000000000000190      0x570 load address 0x0000000060000190
 *(.boot_code)
 .boot_code     0x0000000000000190      0x31c ./CMSIS/startup_gcc/startup_m2sxxx.o
                0x0000000000000190                Reset_Handler
                0x000000000000037e                NMI_Handler
                0x0000000000000380                HardFault_Handler
                0x0000000000000382                MemManage_Handler
                0x0000000000000384                BusFault_Handler
                0x0000000000000386                UsageFault_Handler
                0x0000000000000388                SVC_Handler
                0x000000000000038a                DebugMon_Handler
                0x000000000000038c                PendSV_Handler
                0x000000000000038e                SysTick_Handler
                0x0000000000000390                WdogWakeup_IRQHandler
                0x0000000000000392                RTC_Wakeup_IRQHandler
                0x0000000000000398                I2C0_IRQHandler
                0x000000000000039a                I2C0_SMBAlert_IRQHandler
                0x000000000000039c                I2C0_SMBus_IRQHandler
                0x000000000000039e                I2C1_IRQHandler
                0x00000000000003a0                I2C1_SMBAlert_IRQHandler
                0x00000000000003a2                I2C1_SMBus_IRQHandler
                0x00000000000003a8                EthernetMAC_IRQHandler
                0x00000000000003aa                DMA_IRQHandler
                0x00000000000003ac                Timer1_IRQHandler
                0x00000000000003ae                Timer2_IRQHandler
                0x00000000000003b0                CAN_IRQHandler
                0x00000000000003b2                ENVM0_IRQHandler
                0x00000000000003b4                ENVM1_IRQHandler
                0x00000000000003b8                USB_IRQHandler
                0x00000000000003ba                USB_DMA_IRQHandler
                0x00000000000003bc                PLL_Lock_IRQHandler
                0x00000000000003be                PLL_LockLost_IRQHandler
                0x00000000000003c0                CommSwitchError_IRQHandler
                0x00000000000003c2                CacheError_IRQHandler
                0x00000000000003c4                DDR_IRQHandler
                0x00000000000003ca                ECC_Error_IRQHandler
                0x00000000000003cc                MDDR_IOCalib_IRQHandler
                0x00000000000003ce                FAB_PLL_Lock_IRQHandler
                0x00000000000003d0                FAB_PLL_LockLost_IRQHandler
                0x00000000000003d2                FIC64_IRQHandler
                0x00000000000003d4                FabricIrq0_IRQHandler
                0x00000000000003d6                FabricIrq1_IRQHandler
                0x00000000000003d8                FabricIrq2_IRQHandler
                0x00000000000003da                FabricIrq3_IRQHandler
                0x00000000000003dc                FabricIrq4_IRQHandler
                0x00000000000003de                FabricIrq5_IRQHandler
                0x00000000000003e0                FabricIrq6_IRQHandler
                0x00000000000003e2                FabricIrq7_IRQHandler
                0x00000000000003e4                FabricIrq8_IRQHandler
                0x00000000000003e6                FabricIrq9_IRQHandler
                0x00000000000003e8                FabricIrq10_IRQHandler
                0x00000000000003ea                FabricIrq11_IRQHandler
                0x00000000000003ec                FabricIrq12_IRQHandler
                0x00000000000003ee                FabricIrq13_IRQHandler
                0x00000000000003f0                FabricIrq14_IRQHandler
                0x00000000000003f2                FabricIrq15_IRQHandler
                0x00000000000003f4                GPIO0_IRQHandler
                0x00000000000003f6                GPIO1_IRQHandler
                0x00000000000003f8                GPIO2_IRQHandler
                0x00000000000003fa                GPIO3_IRQHandler
                0x00000000000003fc                GPIO4_IRQHandler
                0x00000000000003fe                GPIO5_IRQHandler
                0x0000000000000400                GPIO6_IRQHandler
                0x0000000000000402                GPIO7_IRQHandler
                0x0000000000000404                GPIO8_IRQHandler
                0x0000000000000406                GPIO9_IRQHandler
                0x0000000000000408                GPIO10_IRQHandler
                0x000000000000040a                GPIO11_IRQHandler
                0x000000000000040c                GPIO12_IRQHandler
                0x000000000000040e                GPIO13_IRQHandler
                0x0000000000000410                GPIO14_IRQHandler
                0x0000000000000412                GPIO15_IRQHandler
                0x0000000000000414                GPIO16_IRQHandler
                0x0000000000000416                GPIO17_IRQHandler
                0x0000000000000418                GPIO18_IRQHandler
                0x000000000000041a                GPIO19_IRQHandler
                0x000000000000041c                GPIO20_IRQHandler
                0x000000000000041e                GPIO21_IRQHandler
                0x0000000000000420                GPIO22_IRQHandler
                0x0000000000000422                GPIO23_IRQHandler
                0x0000000000000424                GPIO24_IRQHandler
                0x0000000000000426                GPIO25_IRQHandler
                0x0000000000000428                GPIO26_IRQHandler
                0x000000000000042a                GPIO27_IRQHandler
                0x000000000000042c                GPIO28_IRQHandler
                0x000000000000042e                GPIO29_IRQHandler
                0x0000000000000430                GPIO30_IRQHandler
                0x0000000000000432                GPIO31_IRQHandler
                0x0000000000000434                mscc_post_hw_cfg_init
 *system_m2sxxx.o(.text*)
 .text.SystemInit
                0x00000000000004ac       0x20 ./CMSIS/system_m2sxxx.o
                0x00000000000004ac                SystemInit
 .text.SystemCoreClockUpdate
                0x00000000000004cc       0xf8 ./CMSIS/system_m2sxxx.o
                0x00000000000004cc                SystemCoreClockUpdate
 .text.get_rcosc_25_50mhz_frequency
                0x00000000000005c4       0x3c ./CMSIS/system_m2sxxx.o
 .text.set_clock_frequency_globals
                0x0000000000000600       0x5c ./CMSIS/system_m2sxxx.o
 .text.get_silicon_revision
                0x000000000000065c       0x48 ./CMSIS/system_m2sxxx.o
 .text.silicon_workarounds
                0x00000000000006a4       0x22 ./CMSIS/system_m2sxxx.o
 *fill*         0x00000000000006c6        0x2 
 .text.m2s050_rev_a_workarounds
                0x00000000000006c8       0x30 ./CMSIS/system_m2sxxx.o
 *sys_config.o(.rodata*)
                0x0000000000000700                . = ALIGN (0x10)
 *fill*         0x00000000000006f8        0x8 

.text           0x0000000000000700     0x3fb0 load address 0x0000000060000700
 CREATE_OBJECT_SYMBOLS
                0x0000000060000700                __text_load = LOADADDR (.text)
                0x0000000000000700                __text_start = .
 *(.text .text.* .gnu.linkonce.t.*)
 .text.__do_global_dtors_aux
                0x0000000000000700       0x24 c:/microchip/softconsole-v2021.1/arm-none-eabi-gcc/bin/../lib/gcc/arm-none-eabi/9.2.1/thumb/v7-m/nofp/crtbegin.o
 .text.frame_dummy
                0x0000000000000724       0x1c c:/microchip/softconsole-v2021.1/arm-none-eabi-gcc/bin/../lib/gcc/arm-none-eabi/9.2.1/thumb/v7-m/nofp/crtbegin.o
 .text.FLASH_init
                0x0000000000000740       0x28 ./windbondflash/winbondflash.o
                0x0000000000000740                FLASH_init
 .text.FLASH_read
                0x0000000000000768       0xac ./windbondflash/winbondflash.o
                0x0000000000000768                FLASH_read
 .text.FLASH_global_unprotect
                0x0000000000000814       0x60 ./windbondflash/winbondflash.o
                0x0000000000000814                FLASH_global_unprotect
 .text.FLASH_chip_erase
                0x0000000000000874       0x7c ./windbondflash/winbondflash.o
                0x0000000000000874                FLASH_chip_erase
 .text.FLASH_program
                0x00000000000008f0      0x1ac ./windbondflash/winbondflash.o
                0x00000000000008f0                FLASH_program
 .text.wait_ready
                0x0000000000000a9c       0x44 ./windbondflash/winbondflash.o
 .text.NVIC_ClearPendingIRQ
                0x0000000000000ae0       0x34 ./drivers/mss_uart/mss_uart.o
 .text.set_bit_reg8
                0x0000000000000b14       0x3a ./drivers/mss_uart/mss_uart.o
 .text.clear_bit_reg8
                0x0000000000000b4e       0x3a ./drivers/mss_uart/mss_uart.o
 .text.read_bit_reg8
                0x0000000000000b88       0x38 ./drivers/mss_uart/mss_uart.o
 .text.MSS_UART_init
                0x0000000000000bc0       0x70 ./drivers/mss_uart/mss_uart.o
                0x0000000000000bc0                MSS_UART_init
 .text.MSS_UART_polled_tx
                0x0000000000000c30       0xc4 ./drivers/mss_uart/mss_uart.o
                0x0000000000000c30                MSS_UART_polled_tx
 .text.MSS_UART_polled_tx_string
                0x0000000000000cf4       0xb4 ./drivers/mss_uart/mss_uart.o
                0x0000000000000cf4                MSS_UART_polled_tx_string
 .text.UART0_IRQHandler
                0x0000000000000da8       0x24 ./drivers/mss_uart/mss_uart.o
                0x0000000000000da8                UART0_IRQHandler
 .text.UART1_IRQHandler
                0x0000000000000dcc       0x24 ./drivers/mss_uart/mss_uart.o
                0x0000000000000dcc                UART1_IRQHandler
 .text.config_baud_divisors
                0x0000000000000df0      0x14c ./drivers/mss_uart/mss_uart.o
 .text.global_init
                0x0000000000000f3c      0x1d8 ./drivers/mss_uart/mss_uart.o
 .text.MSS_UART_isr
                0x0000000000001114      0x208 ./drivers/mss_uart/mss_uart.o
 .text.default_tx_handler
                0x000000000000131c       0xe8 ./drivers/mss_uart/mss_uart.o
 .text.NVIC_EnableIRQ
                0x0000000000001404       0x30 ./drivers/mss_sys_services/mss_comblk.o
 .text.NVIC_DisableIRQ
                0x0000000000001434       0x34 ./drivers/mss_sys_services/mss_comblk.o
 .text.NVIC_ClearPendingIRQ
                0x0000000000001468       0x34 ./drivers/mss_sys_services/mss_comblk.o
 .text.MSS_COMBLK_init
                0x000000000000149c       0xd8 ./drivers/mss_sys_services/mss_comblk.o
                0x000000000000149c                MSS_COMBLK_init
 .text.MSS_COMBLK_send_cmd
                0x0000000000001574      0x130 ./drivers/mss_sys_services/mss_comblk.o
                0x0000000000001574                MSS_COMBLK_send_cmd
 .text.MSS_COMBLK_send_paged_cmd
                0x00000000000016a4      0x130 ./drivers/mss_sys_services/mss_comblk.o
                0x00000000000016a4                MSS_COMBLK_send_paged_cmd
 .text.ComBlk_IRQHandler
                0x00000000000017d4       0x48 ./drivers/mss_sys_services/mss_comblk.o
                0x00000000000017d4                ComBlk_IRQHandler
 .text.handle_tx_okay_irq
                0x000000000000181c      0x1b0 ./drivers/mss_sys_services/mss_comblk.o
 .text.handle_rx_okay_irq
                0x00000000000019cc      0x210 ./drivers/mss_sys_services/mss_comblk.o
 .text.complete_request
                0x0000000000001bdc       0x40 ./drivers/mss_sys_services/mss_comblk.o
 .text.abort_current_cmd
                0x0000000000001c1c       0x4c ./drivers/mss_sys_services/mss_comblk.o
 .text.send_cmd_opcode
                0x0000000000001c68       0x3c ./drivers/mss_sys_services/mss_comblk.o
 .text.fill_tx_fifo
                0x0000000000001ca4       0x60 ./drivers/mss_sys_services/mss_comblk.o
 .text.process_sys_ctrl_command
                0x0000000000001d04       0x28 ./drivers/mss_sys_services/mss_comblk.o
 .text.MSS_SYS_init
                0x0000000000001d2c       0x50 ./drivers/mss_sys_services/mss_sys_services.o
                0x0000000000001d2c                MSS_SYS_init
 .text.asynchronous_event_handler
                0x0000000000001d7c       0xe4 ./drivers/mss_sys_services/mss_sys_services.o
 .text.determine_seq
                0x0000000000001e60       0xac ./drivers/mss_sys_services/mss_sys_services.o
 .text.clk_switching_fix
                0x0000000000001f0c      0x29c ./drivers/mss_sys_services/mss_sys_services.o
 .text.revert_clk_config
                0x00000000000021a8      0x1c0 ./drivers/mss_sys_services/mss_sys_services.o
 .text.isp_page_read_handler
                0x0000000000002368       0x88 ./drivers/mss_sys_services/mss_sys_services.o
 .text.isp_sys_completion_handler
                0x00000000000023f0       0x58 ./drivers/mss_sys_services/mss_sys_services.o
 .text.MSS_SYS_start_isp
                0x0000000000002448       0xf8 ./drivers/mss_sys_services/mss_sys_services.o
                0x0000000000002448                MSS_SYS_start_isp
 .text.MSS_SYS_check_digest
                0x0000000000002540       0xd0 ./drivers/mss_sys_services/mss_sys_services.o
                0x0000000000002540                MSS_SYS_check_digest
 .text.request_completion_handler
                0x0000000000002610       0x2c ./drivers/mss_sys_services/mss_sys_services.o
 .text.signal_request_start
                0x000000000000263c       0x2c ./drivers/mss_sys_services/mss_sys_services.o
 .text.wait_for_request_completion
                0x0000000000002668       0x28 ./drivers/mss_sys_services/mss_sys_services.o
 .text.NVIC_EnableIRQ
                0x0000000000002690       0x30 ./drivers/mss_spi/mss_spi.o
 .text.NVIC_DisableIRQ
                0x00000000000026c0       0x34 ./drivers/mss_spi/mss_spi.o
 .text.NVIC_ClearPendingIRQ
                0x00000000000026f4       0x34 ./drivers/mss_spi/mss_spi.o
 .text.MSS_SPI_init
                0x0000000000002728       0xe4 ./drivers/mss_spi/mss_spi.o
                0x0000000000002728                MSS_SPI_init
 .text.recover_from_rx_overflow
                0x000000000000280c      0x128 ./drivers/mss_spi/mss_spi.o
 .text.MSS_SPI_configure_master_mode
                0x0000000000002934      0x130 ./drivers/mss_spi/mss_spi.o
                0x0000000000002934                MSS_SPI_configure_master_mode
 .text.MSS_SPI_set_slave_select
                0x0000000000002a64       0xec ./drivers/mss_spi/mss_spi.o
                0x0000000000002a64                MSS_SPI_set_slave_select
 .text.MSS_SPI_clear_slave_select
                0x0000000000002b50       0x88 ./drivers/mss_spi/mss_spi.o
                0x0000000000002b50                MSS_SPI_clear_slave_select
 .text.MSS_SPI_transfer_block
                0x0000000000002bd8      0x1f4 ./drivers/mss_spi/mss_spi.o
                0x0000000000002bd8                MSS_SPI_transfer_block
 .text.fill_slave_tx_fifo
                0x0000000000002dcc       0xd6 ./drivers/mss_spi/mss_spi.o
 .text.read_slave_rx_fifo
                0x0000000000002ea2       0xa6 ./drivers/mss_spi/mss_spi.o
 .text.mss_spi_isr
                0x0000000000002f48      0x27c ./drivers/mss_spi/mss_spi.o
 .text.SPI0_IRQHandler
                0x00000000000031c4       0x24 ./drivers/mss_spi/mss_spi.o
                0x00000000000031c4                SPI0_IRQHandler
 .text.SPI1_IRQHandler
                0x00000000000031e8       0x24 ./drivers/mss_spi/mss_spi.o
                0x00000000000031e8                SPI1_IRQHandler
 .text.start_transfer
                0x000000000000320c      0x154 ./drivers/mss_hpdma/mss_hpdma.o
 .text.HPDMA_Complete_IRQHandler
                0x0000000000003360       0xf8 ./drivers/mss_hpdma/mss_hpdma.o
                0x0000000000003360                HPDMA_Complete_IRQHandler
 .text.HPDMA_Error_IRQHandler
                0x0000000000003458      0x104 ./drivers/mss_hpdma/mss_hpdma.o
                0x0000000000003458                HPDMA_Error_IRQHandler
 .text.NVIC_DisableIRQ
                0x000000000000355c       0x34 ./drivers/mss_gpio/mss_gpio.o
 .text.NVIC_ClearPendingIRQ
                0x0000000000003590       0x34 ./drivers/mss_gpio/mss_gpio.o
 .text.MSS_GPIO_init
                0x00000000000035c4       0x78 ./drivers/mss_gpio/mss_gpio.o
                0x00000000000035c4                MSS_GPIO_init
 .text.MSS_GPIO_config
                0x000000000000363c       0x38 ./drivers/mss_gpio/mss_gpio.o
                0x000000000000363c                MSS_GPIO_config
 .text.MSS_GPIO_set_output
                0x0000000000003674       0x64 ./drivers/mss_gpio/mss_gpio.o
                0x0000000000003674                MSS_GPIO_set_output
 .text._exit    0x00000000000036d8        0xa ./CMSIS/startup_gcc/newlib_stubs.o
                0x00000000000036d8                _exit
 .text._write_r
                0x00000000000036e2       0x1a ./CMSIS/startup_gcc/newlib_stubs.o
                0x00000000000036e2                _write_r
 .text._sbrk    0x00000000000036fc       0x9c ./CMSIS/startup_gcc/newlib_stubs.o
                0x00000000000036fc                _sbrk
 .text.delay    0x0000000000003798       0x22 ./main.o
                0x0000000000003798                delay
 .text.UART_Polled_Rx
                0x00000000000037ba       0x4c ./main.o
                0x00000000000037ba                UART_Polled_Rx
 *fill*         0x0000000000003806        0x2 
 .text.main     0x0000000000003808      0x350 ./main.o
                0x0000000000003808                main
 .text.isp_completion_handler
                0x0000000000003b58       0x5c ./main.o
                0x0000000000003b58                isp_completion_handler
 .text.page_read_handler
                0x0000000000003bb4       0x30 ./main.o
                0x0000000000003bb4                page_read_handler
 .text.write_bitstream_on_flash
                0x0000000000003be4      0x11c ./main.o
                0x0000000000003be4                write_bitstream_on_flash
 .text.read_page_from_flash
                0x0000000000003d00      0x17c ./main.o
 .text.read_page_from_host_through_uart
                0x0000000000003e7c      0x19c ./main.o
 .text.ecc_test
                0x0000000000004018      0x174 ./main.o
                0x0000000000004018                ecc_test
 .text.atoi     0x000000000000418c        0x8 c:/microchip/softconsole-v2021.1/arm-none-eabi-gcc/bin/../lib/gcc/arm-none-eabi/9.2.1/../../../../arm-none-eabi/lib/thumb/v7-m/nofp\libg_nano.a(lib_a-atoi.o)
                0x000000000000418c                atoi
 .text.__libc_init_array
                0x0000000000004194       0x48 c:/microchip/softconsole-v2021.1/arm-none-eabi-gcc/bin/../lib/gcc/arm-none-eabi/9.2.1/../../../../arm-none-eabi/lib/thumb/v7-m/nofp\libg_nano.a(lib_a-init.o)
                0x0000000000004194                __libc_init_array
 .text.memset   0x00000000000041dc       0x10 c:/microchip/softconsole-v2021.1/arm-none-eabi-gcc/bin/../lib/gcc/arm-none-eabi/9.2.1/../../../../arm-none-eabi/lib/thumb/v7-m/nofp\libg_nano.a(lib_a-memset.o)
                0x00000000000041dc                memset
 .text.rand     0x00000000000041ec       0x68 c:/microchip/softconsole-v2021.1/arm-none-eabi-gcc/bin/../lib/gcc/arm-none-eabi/9.2.1/../../../../arm-none-eabi/lib/thumb/v7-m/nofp\libg_nano.a(lib_a-rand.o)
                0x00000000000041ec                rand
 .text._strtol_l.isra.0
                0x0000000000004254       0xf4 c:/microchip/softconsole-v2021.1/arm-none-eabi-gcc/bin/../lib/gcc/arm-none-eabi/9.2.1/../../../../arm-none-eabi/lib/thumb/v7-m/nofp\libg_nano.a(lib_a-strtol.o)
 .text.strtol   0x0000000000004348       0x14 c:/microchip/softconsole-v2021.1/arm-none-eabi-gcc/bin/../lib/gcc/arm-none-eabi/9.2.1/../../../../arm-none-eabi/lib/thumb/v7-m/nofp\libg_nano.a(lib_a-strtol.o)
                0x0000000000004348                strtol
 .text.malloc   0x000000000000435c       0x10 c:/microchip/softconsole-v2021.1/arm-none-eabi-gcc/bin/../lib/gcc/arm-none-eabi/9.2.1/../../../../arm-none-eabi/lib/thumb/v7-m/nofp\libg_nano.a(lib_a-malloc.o)
                0x000000000000435c                malloc
 .text._malloc_r
                0x000000000000436c       0xb4 c:/microchip/softconsole-v2021.1/arm-none-eabi-gcc/bin/../lib/gcc/arm-none-eabi/9.2.1/../../../../arm-none-eabi/lib/thumb/v7-m/nofp\libg_nano.a(lib_a-nano-mallocr.o)
                0x000000000000436c                _malloc_r
 .text._sbrk_r  0x0000000000004420       0x20 c:/microchip/softconsole-v2021.1/arm-none-eabi-gcc/bin/../lib/gcc/arm-none-eabi/9.2.1/../../../../arm-none-eabi/lib/thumb/v7-m/nofp\libg_nano.a(lib_a-sbrkr.o)
                0x0000000000004420                _sbrk_r
 .text.__malloc_lock
                0x0000000000004440        0xc c:/microchip/softconsole-v2021.1/arm-none-eabi-gcc/bin/../lib/gcc/arm-none-eabi/9.2.1/../../../../arm-none-eabi/lib/thumb/v7-m/nofp\libg_nano.a(lib_a-mlock.o)
                0x0000000000004440                __malloc_lock
 .text.__malloc_unlock
                0x000000000000444c        0xc c:/microchip/softconsole-v2021.1/arm-none-eabi-gcc/bin/../lib/gcc/arm-none-eabi/9.2.1/../../../../arm-none-eabi/lib/thumb/v7-m/nofp\libg_nano.a(lib_a-mlock.o)
                0x000000000000444c                __malloc_unlock
 .text.__retarget_lock_acquire_recursive
                0x0000000000004458        0x2 c:/microchip/softconsole-v2021.1/arm-none-eabi-gcc/bin/../lib/gcc/arm-none-eabi/9.2.1/../../../../arm-none-eabi/lib/thumb/v7-m/nofp\libg_nano.a(lib_a-lock.o)
                0x0000000000004458                __retarget_lock_acquire_recursive
 .text.__retarget_lock_release_recursive
                0x000000000000445a        0x2 c:/microchip/softconsole-v2021.1/arm-none-eabi-gcc/bin/../lib/gcc/arm-none-eabi/9.2.1/../../../../arm-none-eabi/lib/thumb/v7-m/nofp\libg_nano.a(lib_a-lock.o)
                0x000000000000445a                __retarget_lock_release_recursive
 *(.plt)
 *(.gnu.warning)
 *(.glue_7t)
 .glue_7t       0x000000000000445c        0x0 linker stubs
 *(.glue_7)
 .glue_7        0x000000000000445c        0x0 linker stubs
 *(.vfp11_veneer)
 .vfp11_veneer  0x000000000000445c        0x0 linker stubs
                0x000000000000445c                . = ALIGN (0x4)
 *crtbegin.o(.ctors)
 *(EXCLUDE_FILE(*crtend.o) .ctors)
 *(SORT_BY_NAME(.ctors.*))
 *crtend.o(.ctors)
 *crtbegin.o(.dtors)
 *(EXCLUDE_FILE(*crtend.o) .dtors)
 *(SORT_BY_NAME(.dtors.*))
 *crtend.o(.dtors)
 *(.rodata .rodata.* .gnu.linkonce.r.*)
 .rodata.g_config_reg_lut
                0x000000000000445c       0x80 ./drivers/mss_gpio/mss_gpio.o
 .rodata.g_gpio_irqn_lut
                0x00000000000044dc       0x20 ./drivers/mss_gpio/mss_gpio.o
 .rodata        0x00000000000044fc       0x30 ./CMSIS/startup_gcc/newlib_stubs.o
 .rodata        0x000000000000452c        0x8 ./CMSIS/system_m2sxxx.o
 .rodata        0x0000000000004534       0x5a ./main.o
 .rodata._ctype_
                0x000000000000458e      0x101 c:/microchip/softconsole-v2021.1/arm-none-eabi-gcc/bin/../lib/gcc/arm-none-eabi/9.2.1/../../../../arm-none-eabi/lib/thumb/v7-m/nofp\libg_nano.a(lib_a-ctype_.o)
                0x000000000000458e                _ctype_
 *(.ARM.extab* .gnu.linkonce.armextab.*)
 *(.gcc_except_table)
 *(.eh_frame_hdr)
 *(.eh_frame)
 *fill*         0x000000000000468f        0x1 
 .eh_frame      0x0000000000004690        0x0 c:/microchip/softconsole-v2021.1/arm-none-eabi-gcc/bin/../lib/gcc/arm-none-eabi/9.2.1/thumb/v7-m/nofp/crtbegin.o
 *(.vector_table)
 *(.init)
 .init          0x0000000000004690        0x4 c:/microchip/softconsole-v2021.1/arm-none-eabi-gcc/bin/../lib/gcc/arm-none-eabi/9.2.1/thumb/v7-m/nofp/crti.o
                0x0000000000004690                _init
 .init          0x0000000000004694        0x8 c:/microchip/softconsole-v2021.1/arm-none-eabi-gcc/bin/../lib/gcc/arm-none-eabi/9.2.1/thumb/v7-m/nofp/crtn.o
 *(.fini)
 .fini          0x000000000000469c        0x4 c:/microchip/softconsole-v2021.1/arm-none-eabi-gcc/bin/../lib/gcc/arm-none-eabi/9.2.1/thumb/v7-m/nofp/crti.o
                0x000000000000469c                _fini
 .fini          0x00000000000046a0        0x8 c:/microchip/softconsole-v2021.1/arm-none-eabi-gcc/bin/../lib/gcc/arm-none-eabi/9.2.1/thumb/v7-m/nofp/crtn.o
                0x00000000000046a8                PROVIDE (__preinit_array_start = .)
 *(.preinit_array)
                0x00000000000046a8                PROVIDE (__preinit_array_end = .)
                0x00000000000046a8                PROVIDE (__init_array_start = .)
 *(SORT_BY_NAME(.init_array.*))
 *(.init_array)
 .init_array    0x00000000000046a8        0x4 c:/microchip/softconsole-v2021.1/arm-none-eabi-gcc/bin/../lib/gcc/arm-none-eabi/9.2.1/thumb/v7-m/nofp/crtbegin.o
                0x00000000000046ac                PROVIDE (__init_array_end = .)
                [!provide]                        PROVIDE (__fini_array_start = .)
 *(.fini_array)
 .fini_array    0x00000000000046ac        0x4 c:/microchip/softconsole-v2021.1/arm-none-eabi-gcc/bin/../lib/gcc/arm-none-eabi/9.2.1/thumb/v7-m/nofp/crtbegin.o
 *(SORT_BY_NAME(.fini_array.*))
                [!provide]                        PROVIDE (__fini_array_end = .)
                0x00000000000046b0                . = ALIGN (0x10)
                0x00000000000046b0                __exidx_start = .

.v4_bx          0x00000000000046b0        0x0 load address 0x00000000600046b0
 .v4_bx         0x00000000000046b0        0x0 linker stubs

.iplt           0x00000000000046b0        0x0 load address 0x00000000600046b0
 .iplt          0x00000000000046b0        0x0 c:/microchip/softconsole-v2021.1/arm-none-eabi-gcc/bin/../lib/gcc/arm-none-eabi/9.2.1/thumb/v7-m/nofp/crtbegin.o

.rel.dyn        0x00000000000046b0        0x0 load address 0x00000000600046b0
 .rel.iplt      0x00000000000046b0        0x0 c:/microchip/softconsole-v2021.1/arm-none-eabi-gcc/bin/../lib/gcc/arm-none-eabi/9.2.1/thumb/v7-m/nofp/crtbegin.o

.ARM.exidx
 *(.ARM.exidx* .gnu.linkonce.armexidx.*)
                0x00000000000046b0                __exidx_end = .
                0x00000000000046b0                _etext = .

.data           0x0000000020000000       0xb0 load address 0x00000000600046b0
                0x00000000600046b0                __data_load = LOADADDR (.data)
                0x00000000600046b0                _sidata = LOADADDR (.data)
                0x0000000020000000                __data_start = .
                0x0000000020000000                _sdata = .
 *(.jcr)
 *(.got.plt)
 *(.got)
 *(.shdata)
 *(.data .data.* .gnu.linkonce.d.*)
 .data.div1_seq
                0x0000000020000000        0x4 ./drivers/mss_sys_services/mss_sys_services.o
                0x0000000020000000                div1_seq
 .data.div2_seq
                0x0000000020000004        0x3 ./drivers/mss_sys_services/mss_sys_services.o
                0x0000000020000004                div2_seq
 *fill*         0x0000000020000007        0x1 
 .data.div4_seq
                0x0000000020000008        0x5 ./drivers/mss_sys_services/mss_sys_services.o
                0x0000000020000008                div4_seq
 *fill*         0x000000002000000d        0x3 
 .data.div8_seq
                0x0000000020000010        0x3 ./drivers/mss_sys_services/mss_sys_services.o
                0x0000000020000010                div8_seq
 *fill*         0x0000000020000013        0x1 
 .data.div16_seq
                0x0000000020000014        0x2 ./drivers/mss_sys_services/mss_sys_services.o
                0x0000000020000014                div16_seq
 *fill*         0x0000000020000016        0x2 
 .data.div32_seq
                0x0000000020000018        0x2 ./drivers/mss_sys_services/mss_sys_services.o
                0x0000000020000018                div32_seq
 *fill*         0x000000002000001a        0x2 
 .data.g_initial_envm_cr
                0x000000002000001c        0x4 ./drivers/mss_sys_services/mss_sys_services.o
 .data.wait_for_clock_switch
                0x0000000020000020        0x1 ./drivers/mss_sys_services/mss_sys_services.o
 *fill*         0x0000000020000021        0x3 
 .data.SystemCoreClock
                0x0000000020000024        0x4 ./CMSIS/system_m2sxxx.o
                0x0000000020000024                SystemCoreClock
 .data.g_FrequencyPCLK0
                0x0000000020000028        0x4 ./CMSIS/system_m2sxxx.o
                0x0000000020000028                g_FrequencyPCLK0
 .data.g_FrequencyPCLK1
                0x000000002000002c        0x4 ./CMSIS/system_m2sxxx.o
                0x000000002000002c                g_FrequencyPCLK1
 .data.g_FrequencyPCLK2
                0x0000000020000030        0x4 ./CMSIS/system_m2sxxx.o
                0x0000000020000030                g_FrequencyPCLK2
 .data.g_FrequencyFIC0
                0x0000000020000034        0x4 ./CMSIS/system_m2sxxx.o
                0x0000000020000034                g_FrequencyFIC0
 .data.g_FrequencyFIC1
                0x0000000020000038        0x4 ./CMSIS/system_m2sxxx.o
                0x0000000020000038                g_FrequencyFIC1
 .data.g_FrequencyFIC64
                0x000000002000003c        0x4 ./CMSIS/system_m2sxxx.o
                0x000000002000003c                g_FrequencyFIC64
 .data.g_isp_operation_busy
                0x0000000020000040        0x1 ./main.o
                0x0000000020000040                g_isp_operation_busy
 *fill*         0x0000000020000041        0x3 
 .data.addr_bitstream
                0x0000000020000044        0x4 ./main.o
                0x0000000020000044                addr_bitstream
 .data._impure_ptr
                0x0000000020000048        0x4 c:/microchip/softconsole-v2021.1/arm-none-eabi-gcc/bin/../lib/gcc/arm-none-eabi/9.2.1/../../../../arm-none-eabi/lib/thumb/v7-m/nofp\libg_nano.a(lib_a-impure.o)
                0x0000000020000048                _impure_ptr
 .data.impure_data
                0x000000002000004c       0x60 c:/microchip/softconsole-v2021.1/arm-none-eabi-gcc/bin/../lib/gcc/arm-none-eabi/9.2.1/../../../../arm-none-eabi/lib/thumb/v7-m/nofp\libg_nano.a(lib_a-impure.o)
                0x00000000200000b0                . = ALIGN (0x10)
 *fill*         0x00000000200000ac        0x4 
                0x00000000200000b0                _edata = .

.igot.plt       0x00000000200000b0        0x0 load address 0x0000000060004760
 .igot.plt      0x00000000200000b0        0x0 c:/microchip/softconsole-v2021.1/arm-none-eabi-gcc/bin/../lib/gcc/arm-none-eabi/9.2.1/thumb/v7-m/nofp/crtbegin.o

.bss            0x00000000200000b0      0xa70 load address 0x0000000060004760
                0x00000000200000b0                __bss_start__ = .
                0x00000000200000b0                _sbss = .
 *(.shbss)
 *(.bss .bss.* .gnu.linkonce.b.*)
 .bss.completed.8911
                0x00000000200000b0        0x1 c:/microchip/softconsole-v2021.1/arm-none-eabi-gcc/bin/../lib/gcc/arm-none-eabi/9.2.1/thumb/v7-m/nofp/crtbegin.o
 *fill*         0x00000000200000b1        0x3 
 .bss.object.8916
                0x00000000200000b4       0x18 c:/microchip/softconsole-v2021.1/arm-none-eabi-gcc/bin/../lib/gcc/arm-none-eabi/9.2.1/thumb/v7-m/nofp/crtbegin.o
 .bss.g_comblk_cmd_opcode
                0x00000000200000cc        0x1 ./drivers/mss_sys_services/mss_comblk.o
 *fill*         0x00000000200000cd        0x3 
 .bss.g_comblk_p_cmd
                0x00000000200000d0        0x4 ./drivers/mss_sys_services/mss_comblk.o
 .bss.g_comblk_cmd_size
                0x00000000200000d4        0x2 ./drivers/mss_sys_services/mss_comblk.o
 *fill*         0x00000000200000d6        0x2 
 .bss.g_comblk_p_data
                0x00000000200000d8        0x4 ./drivers/mss_sys_services/mss_comblk.o
 .bss.g_comblk_data_size
                0x00000000200000dc        0x4 ./drivers/mss_sys_services/mss_comblk.o
 .bss.g_comblk_p_response
                0x00000000200000e0        0x4 ./drivers/mss_sys_services/mss_comblk.o
 .bss.g_comblk_response_size
                0x00000000200000e4        0x2 ./drivers/mss_sys_services/mss_comblk.o
 .bss.g_comblk_response_idx
                0x00000000200000e6        0x2 ./drivers/mss_sys_services/mss_comblk.o
 .bss.g_comblk_completion_handler
                0x00000000200000e8        0x4 ./drivers/mss_sys_services/mss_comblk.o
 .bss.g_comblk_page_handler
                0x00000000200000ec        0x4 ./drivers/mss_sys_services/mss_comblk.o
 .bss.g_request_in_progress
                0x00000000200000f0        0x1 ./drivers/mss_sys_services/mss_comblk.o
 .bss.g_comblk_state
                0x00000000200000f1        0x1 ./drivers/mss_sys_services/mss_comblk.o
 *fill*         0x00000000200000f2        0x2 
 .bss.g_async_event_handler
                0x00000000200000f4        0x4 ./drivers/mss_sys_services/mss_comblk.o
 .bss.g_request_in_progress
                0x00000000200000f8        0x1 ./drivers/mss_sys_services/mss_sys_services.o
 *fill*         0x00000000200000f9        0x1 
 .bss.g_last_response_length
                0x00000000200000fa        0x2 ./drivers/mss_sys_services/mss_sys_services.o
 .bss.g_event_handler
                0x00000000200000fc        0x4 ./drivers/mss_sys_services/mss_sys_services.o
 .bss.g_response
                0x0000000020000100        0x2 ./drivers/mss_sys_services/mss_sys_services.o
 *fill*         0x0000000020000102        0x2 
 .bss.g_initial_mssddr_facc1_cr
                0x0000000020000104        0x4 ./drivers/mss_sys_services/mss_sys_services.o
 .bss.divisor   0x0000000020000108       0x10 ./drivers/mss_sys_services/mss_sys_services.o
                0x0000000020000108                divisor
 .bss.g_isp_response
                0x0000000020000118        0x2 ./drivers/mss_sys_services/mss_sys_services.o
 *fill*         0x000000002000011a        0x2 
 .bss.g_isp_completion_handler
                0x000000002000011c        0x4 ./drivers/mss_sys_services/mss_sys_services.o
                0x000000002000011c                g_isp_completion_handler
 .bss.g_isp_page_read_handler
                0x0000000020000120        0x4 ./drivers/mss_sys_services/mss_sys_services.o
                0x0000000020000120                g_isp_page_read_handler
 .bss.g_initial_mssddr_facc2_cr
                0x0000000020000124        0x4 ./drivers/mss_sys_services/mss_sys_services.o
 .bss.g_mode    0x0000000020000128        0x1 ./drivers/mss_sys_services/mss_sys_services.o
 *fill*         0x0000000020000129        0x3 
 .bss.g_transfer
                0x000000002000012c       0x18 ./drivers/mss_hpdma/mss_hpdma.o
 .bss.g_hpdma_end_desc
                0x0000000020000144        0x4 ./drivers/mss_hpdma/mss_hpdma.o
 .bss.g_hpdma_current_desc
                0x0000000020000148        0x4 ./drivers/mss_hpdma/mss_hpdma.o
 .bss.heap_end.5417
                0x000000002000014c        0x4 ./CMSIS/startup_gcc/newlib_stubs.o
 .bss.g_src_image_target_address
                0x0000000020000150        0x4 ./main.o
 .bss.g_bkup    0x0000000020000154        0x4 ./main.o
                0x0000000020000154                g_bkup
 .bss.g_mode    0x0000000020000158        0x1 ./main.o
                0x0000000020000158                g_mode
 *fill*         0x0000000020000159        0x3 
 .bss.g_file_size
                0x000000002000015c        0x4 ./main.o
 .bss.addr      0x0000000020000160        0x4 ./main.o
                0x0000000020000160                addr
 .bss.__malloc_free_list
                0x0000000020000164        0x4 c:/microchip/softconsole-v2021.1/arm-none-eabi-gcc/bin/../lib/gcc/arm-none-eabi/9.2.1/../../../../arm-none-eabi/lib/thumb/v7-m/nofp\libg_nano.a(lib_a-nano-mallocr.o)
                0x0000000020000164                __malloc_free_list
 .bss.__malloc_sbrk_start
                0x0000000020000168        0x4 c:/microchip/softconsole-v2021.1/arm-none-eabi-gcc/bin/../lib/gcc/arm-none-eabi/9.2.1/../../../../arm-none-eabi/lib/thumb/v7-m/nofp\libg_nano.a(lib_a-nano-mallocr.o)
                0x0000000020000168                __malloc_sbrk_start
 *(COMMON)
 COMMON         0x000000002000016c       0x80 ./drivers/mss_uart/mss_uart.o
                0x000000002000016c                g_mss_uart1
                0x00000000200001ac                g_mss_uart0
 COMMON         0x00000000200001ec      0x108 ./drivers/mss_spi/mss_spi.o
                0x00000000200001ec                g_mss_spi1
                0x0000000020000270                g_mss_spi0
 COMMON         0x00000000200002f4      0x814 ./main.o
                0x00000000200002f4                g_page_buffer
                0x0000000020000af4                dummy_g_page_buffer
 COMMON         0x0000000020000b08        0x4 c:/microchip/softconsole-v2021.1/arm-none-eabi-gcc/bin/../lib/gcc/arm-none-eabi/9.2.1/../../../../arm-none-eabi/lib/thumb/v7-m/nofp\libg_nano.a(lib_a-reent.o)
                0x0000000020000b08                errno
 COMMON         0x0000000020000b0c        0x9 c:/microchip/softconsole-v2021.1/arm-none-eabi-gcc/bin/../lib/gcc/arm-none-eabi/9.2.1/../../../../arm-none-eabi/lib/thumb/v7-m/nofp\libg_nano.a(lib_a-lock.o)
                0x0000000020000b0c                __lock___atexit_recursive_mutex
                0x0000000020000b0d                __lock___arc4random_mutex
                0x0000000020000b0e                __lock___env_recursive_mutex
                0x0000000020000b0f                __lock___sinit_recursive_mutex
                0x0000000020000b10                __lock___malloc_recursive_mutex
                0x0000000020000b11                __lock___at_quick_exit_mutex
                0x0000000020000b12                __lock___dd_hash_mutex
                0x0000000020000b13                __lock___tz_mutex
                0x0000000020000b14                __lock___sfp_recursive_mutex
                0x0000000020000b20                . = ALIGN (0x10)
 *fill*         0x0000000020000b15        0xb 
                0x0000000020000b20                __bss_end__ = .
                0x0000000020000b20                _end = .
                0x0000000020000b20                __end = _end
                0x0000000020000b20                _ebss = .
                [!provide]                        PROVIDE (end = .)

.heap           0x0000000020000b20     0xe4e0 load address 0x0000000060004760
                0x0000000020000b20                __heap_start__ = .
                0x0000000020001b20                . = (. + MIN_SIZE_HEAP)
 *fill*         0x0000000020000b20     0x1000 
                0x000000002000f000                . = (. + (((ABSOLUTE (RAM_START_ADDRESS) + RAM_SIZE) - MAIN_STACK_SIZE) - .))
 *fill*         0x0000000020001b20     0xd4e0 
                0x000000002000f000                _eheap = .

.stack          0x000000002000f000     0x1000 load address 0x0000000060004760
                0x000000002000f000                __stack_start__ = .
                0x0000000020010000                . = (. + MAIN_STACK_SIZE)
 *fill*         0x000000002000f000     0x1000 
                0x0000000020010000                _estack = .

.stab
 *(.stab)

.stabstr
 *(.stabstr)

.debug
 *(.debug)

.line
 *(.line)

.debug_srcinfo
 *(.debug_srcinfo)

.debug_sfnames
 *(.debug_sfnames)

.debug_aranges  0x0000000000000000      0x820
 *(.debug_aranges)
 .debug_aranges
                0x0000000000000000       0xa8 ./windbondflash/winbondflash.o
 .debug_aranges
                0x00000000000000a8      0x1d0 ./drivers/mss_uart/mss_uart.o
 .debug_aranges
                0x0000000000000278       0x90 ./drivers/mss_sys_services/mss_comblk.o
 .debug_aranges
                0x0000000000000308      0x1c8 ./drivers/mss_sys_services/mss_sys_services.o
 .debug_aranges
                0x00000000000004d0       0xe0 ./drivers/mss_spi/mss_spi.o
 .debug_aranges
                0x00000000000005b0       0x80 ./drivers/mss_hpdma/mss_hpdma.o
 .debug_aranges
                0x0000000000000630       0x68 ./drivers/mss_gpio/mss_gpio.o
 .debug_aranges
                0x0000000000000698       0xa8 ./CMSIS/startup_gcc/newlib_stubs.o
 .debug_aranges
                0x0000000000000740       0x20 ./CMSIS/startup_gcc/startup_m2sxxx.o
 .debug_aranges
                0x0000000000000760       0x50 ./CMSIS/system_m2sxxx.o
 .debug_aranges
                0x00000000000007b0       0x70 ./main.o

.debug_pubnames
 *(.debug_pubnames)

.debug_info     0x0000000000000000     0xdfef
 *(.debug_info .gnu.linkonce.wi.*)
 .debug_info    0x0000000000000000     0x14f5 ./windbondflash/winbondflash.o
 .debug_info    0x00000000000014f5     0x1ea8 ./drivers/mss_uart/mss_uart.o
 .debug_info    0x000000000000339d      0xb4b ./drivers/mss_sys_services/mss_comblk.o
 .debug_info    0x0000000000003ee8     0x2867 ./drivers/mss_sys_services/mss_sys_services.o
 .debug_info    0x000000000000674f     0x1f5b ./drivers/mss_spi/mss_spi.o
 .debug_info    0x00000000000086aa     0x1231 ./drivers/mss_hpdma/mss_hpdma.o
 .debug_info    0x00000000000098db     0x10dc ./drivers/mss_gpio/mss_gpio.o
 .debug_info    0x000000000000a9b7     0x1071 ./CMSIS/startup_gcc/newlib_stubs.o
 .debug_info    0x000000000000ba28       0x26 ./CMSIS/startup_gcc/startup_m2sxxx.o
 .debug_info    0x000000000000ba4e      0xb61 ./CMSIS/system_m2sxxx.o
 .debug_info    0x000000000000c5af     0x1a40 ./main.o

.debug_abbrev   0x0000000000000000     0x1ca8
 *(.debug_abbrev)
 .debug_abbrev  0x0000000000000000      0x306 ./windbondflash/winbondflash.o
 .debug_abbrev  0x0000000000000306      0x356 ./drivers/mss_uart/mss_uart.o
 .debug_abbrev  0x000000000000065c      0x224 ./drivers/mss_sys_services/mss_comblk.o
 .debug_abbrev  0x0000000000000880      0x367 ./drivers/mss_sys_services/mss_sys_services.o
 .debug_abbrev  0x0000000000000be7      0x35d ./drivers/mss_spi/mss_spi.o
 .debug_abbrev  0x0000000000000f44      0x2a3 ./drivers/mss_hpdma/mss_hpdma.o
 .debug_abbrev  0x00000000000011e7      0x1e3 ./drivers/mss_gpio/mss_gpio.o
 .debug_abbrev  0x00000000000013ca      0x333 ./CMSIS/startup_gcc/newlib_stubs.o
 .debug_abbrev  0x00000000000016fd       0x14 ./CMSIS/startup_gcc/startup_m2sxxx.o
 .debug_abbrev  0x0000000000001711      0x1b2 ./CMSIS/system_m2sxxx.o
 .debug_abbrev  0x00000000000018c3      0x3e5 ./main.o

.debug_line     0x0000000000000000     0x6f08
 *(.debug_line)
 .debug_line    0x0000000000000000      0x7a1 ./windbondflash/winbondflash.o
 .debug_line    0x00000000000007a1     0x159a ./drivers/mss_uart/mss_uart.o
 .debug_line    0x0000000000001d3b      0x89b ./drivers/mss_sys_services/mss_comblk.o
 .debug_line    0x00000000000025d6     0x15a5 ./drivers/mss_sys_services/mss_sys_services.o
 .debug_line    0x0000000000003b7b     0x1061 ./drivers/mss_spi/mss_spi.o
 .debug_line    0x0000000000004bdc      0x653 ./drivers/mss_hpdma/mss_hpdma.o
 .debug_line    0x000000000000522f      0x539 ./drivers/mss_gpio/mss_gpio.o
 .debug_line    0x0000000000005768      0x550 ./CMSIS/startup_gcc/newlib_stubs.o
 .debug_line    0x0000000000005cb8      0x18e ./CMSIS/startup_gcc/startup_m2sxxx.o
 .debug_line    0x0000000000005e46      0x41f ./CMSIS/system_m2sxxx.o
 .debug_line    0x0000000000006265      0xca3 ./main.o

.debug_frame    0x0000000000000000     0x249c
 *(.debug_frame)
 .debug_frame   0x0000000000000000      0x2a8 ./windbondflash/winbondflash.o
 .debug_frame   0x00000000000002a8      0x820 ./drivers/mss_uart/mss_uart.o
 .debug_frame   0x0000000000000ac8      0x240 ./drivers/mss_sys_services/mss_comblk.o
 .debug_frame   0x0000000000000d08      0x7dc ./drivers/mss_sys_services/mss_sys_services.o
 .debug_frame   0x00000000000014e4      0x3c0 ./drivers/mss_spi/mss_spi.o
 .debug_frame   0x00000000000018a4      0x208 ./drivers/mss_hpdma/mss_hpdma.o
 .debug_frame   0x0000000000001aac      0x198 ./drivers/mss_gpio/mss_gpio.o
 .debug_frame   0x0000000000001c44      0x2a8 ./CMSIS/startup_gcc/newlib_stubs.o
 .debug_frame   0x0000000000001eec      0x10c ./CMSIS/system_m2sxxx.o
 .debug_frame   0x0000000000001ff8      0x1b8 ./main.o
 .debug_frame   0x00000000000021b0       0x30 c:/microchip/softconsole-v2021.1/arm-none-eabi-gcc/bin/../lib/gcc/arm-none-eabi/9.2.1/../../../../arm-none-eabi/lib/thumb/v7-m/nofp\libg_nano.a(lib_a-atoi.o)
 .debug_frame   0x00000000000021e0       0x2c c:/microchip/softconsole-v2021.1/arm-none-eabi-gcc/bin/../lib/gcc/arm-none-eabi/9.2.1/../../../../arm-none-eabi/lib/thumb/v7-m/nofp\libg_nano.a(lib_a-init.o)
 .debug_frame   0x000000000000220c       0x20 c:/microchip/softconsole-v2021.1/arm-none-eabi-gcc/bin/../lib/gcc/arm-none-eabi/9.2.1/../../../../arm-none-eabi/lib/thumb/v7-m/nofp\libg_nano.a(lib_a-memset.o)
 .debug_frame   0x000000000000222c       0x44 c:/microchip/softconsole-v2021.1/arm-none-eabi-gcc/bin/../lib/gcc/arm-none-eabi/9.2.1/../../../../arm-none-eabi/lib/thumb/v7-m/nofp\libg_nano.a(lib_a-rand.o)
 .debug_frame   0x0000000000002270       0x64 c:/microchip/softconsole-v2021.1/arm-none-eabi-gcc/bin/../lib/gcc/arm-none-eabi/9.2.1/../../../../arm-none-eabi/lib/thumb/v7-m/nofp\libg_nano.a(lib_a-strtol.o)
 .debug_frame   0x00000000000022d4       0x30 c:/microchip/softconsole-v2021.1/arm-none-eabi-gcc/bin/../lib/gcc/arm-none-eabi/9.2.1/../../../../arm-none-eabi/lib/thumb/v7-m/nofp\libg_nano.a(lib_a-malloc.o)
 .debug_frame   0x0000000000002304       0x30 c:/microchip/softconsole-v2021.1/arm-none-eabi-gcc/bin/../lib/gcc/arm-none-eabi/9.2.1/../../../../arm-none-eabi/lib/thumb/v7-m/nofp\libg_nano.a(lib_a-nano-mallocr.o)
 .debug_frame   0x0000000000002334       0x2c c:/microchip/softconsole-v2021.1/arm-none-eabi-gcc/bin/../lib/gcc/arm-none-eabi/9.2.1/../../../../arm-none-eabi/lib/thumb/v7-m/nofp\libg_nano.a(lib_a-sbrkr.o)
 .debug_frame   0x0000000000002360       0x30 c:/microchip/softconsole-v2021.1/arm-none-eabi-gcc/bin/../lib/gcc/arm-none-eabi/9.2.1/../../../../arm-none-eabi/lib/thumb/v7-m/nofp\libg_nano.a(lib_a-mlock.o)
 .debug_frame   0x0000000000002390       0x5c c:/microchip/softconsole-v2021.1/arm-none-eabi-gcc/bin/../lib/gcc/arm-none-eabi/9.2.1/../../../../arm-none-eabi/lib/thumb/v7-m/nofp\libg_nano.a(lib_a-reent.o)
 .debug_frame   0x00000000000023ec       0xb0 c:/microchip/softconsole-v2021.1/arm-none-eabi-gcc/bin/../lib/gcc/arm-none-eabi/9.2.1/../../../../arm-none-eabi/lib/thumb/v7-m/nofp\libg_nano.a(lib_a-lock.o)

.debug_str      0x0000000000000000    0x1649b
 *(.debug_str)
 .debug_str     0x0000000000000000     0xcc4f ./windbondflash/winbondflash.o
                                       0xcfb3 (size before relaxing)
 .debug_str     0x000000000000cc4f     0x1f2c ./drivers/mss_uart/mss_uart.o
                                       0xbe1d (size before relaxing)
 .debug_str     0x000000000000eb7b      0x4b6 ./drivers/mss_sys_services/mss_comblk.o
                                       0xa1f5 (size before relaxing)
 .debug_str     0x000000000000f031     0x24d4 ./drivers/mss_sys_services/mss_sys_services.o
                                       0xf009 (size before relaxing)
 .debug_str     0x0000000000011505      0x706 ./drivers/mss_spi/mss_spi.o
                                       0xdb74 (size before relaxing)
 .debug_str     0x0000000000011c0b      0x754 ./drivers/mss_hpdma/mss_hpdma.o
                                       0xab0f (size before relaxing)
 .debug_str     0x000000000001235f      0x9e1 ./drivers/mss_gpio/mss_gpio.o
                                       0xad63 (size before relaxing)
 .debug_str     0x0000000000012d40     0x272e ./CMSIS/startup_gcc/newlib_stubs.o
                                       0x8a5e (size before relaxing)
 .debug_str     0x000000000001546e       0x34 ./CMSIS/startup_gcc/startup_m2sxxx.o
                                         0x80 (size before relaxing)
 .debug_str     0x00000000000154a2      0x74c ./CMSIS/system_m2sxxx.o
                                       0xa1df (size before relaxing)
 .debug_str     0x0000000000015bee      0x8ad ./main.o
                                       0xffaa (size before relaxing)

.debug_loc
 *(.debug_loc)

.debug_macinfo
 *(.debug_macinfo)

.debug_weaknames
 *(.debug_weaknames)

.debug_funcnames
 *(.debug_funcnames)

.debug_typenames
 *(.debug_typenames)

.debug_varnames
 *(.debug_varnames)

.note.gnu.arm.ident
 *(.note.gnu.arm.ident)

.ARM.attributes
                0x0000000000000000       0x29
 *(.ARM.attributes)
 .ARM.attributes
                0x0000000000000000       0x1d c:/microchip/softconsole-v2021.1/arm-none-eabi-gcc/bin/../lib/gcc/arm-none-eabi/9.2.1/thumb/v7-m/nofp/crti.o
 .ARM.attributes
                0x000000000000001d       0x2d c:/microchip/softconsole-v2021.1/arm-none-eabi-gcc/bin/../lib/gcc/arm-none-eabi/9.2.1/thumb/v7-m/nofp/crtbegin.o
 .ARM.attributes
                0x000000000000004a       0x1b c:/microchip/softconsole-v2021.1/arm-none-eabi-gcc/bin/../lib/gcc/arm-none-eabi/9.2.1/../../../../arm-none-eabi/lib/thumb/v7-m/nofp/crt0.o
 .ARM.attributes
                0x0000000000000065       0x2d ./windbondflash/winbondflash.o
 .ARM.attributes
                0x0000000000000092       0x1b ./hal/CortexM3/GNU/hal.o
 .ARM.attributes
                0x00000000000000ad       0x1b ./hal/CortexM3/GNU/hw_reg_access.o
 .ARM.attributes
                0x00000000000000c8       0x2d ./hal/CortexM3/cortex_nvic.o
 .ARM.attributes
                0x00000000000000f5       0x33 ./drivers_config/sys_config/sys_config.o
 .ARM.attributes
                0x0000000000000128       0x2d ./drivers/mss_uart/mss_uart.o
 .ARM.attributes
                0x0000000000000155       0x2d ./drivers/mss_sys_services/mss_comblk.o
 .ARM.attributes
                0x0000000000000182       0x2d ./drivers/mss_sys_services/mss_sys_services.o
 .ARM.attributes
                0x00000000000001af       0x2d ./drivers/mss_spi/mss_spi.o
 .ARM.attributes
                0x00000000000001dc       0x2d ./drivers/mss_nvm/mss_nvm.o
 .ARM.attributes
                0x0000000000000209       0x2d ./drivers/mss_hpdma/mss_hpdma.o
 .ARM.attributes
                0x0000000000000236       0x2d ./drivers/mss_gpio/mss_gpio.o
 .ARM.attributes
                0x0000000000000263       0x2d ./CMSIS/startup_gcc/newlib_stubs.o
 .ARM.attributes
                0x0000000000000290       0x21 ./CMSIS/startup_gcc/startup_m2sxxx.o
 .ARM.attributes
                0x00000000000002b1       0x2d ./CMSIS/system_m2sxxx.o
 .ARM.attributes
                0x00000000000002de       0x2d ./main.o
 .ARM.attributes
                0x000000000000030b       0x2d c:/microchip/softconsole-v2021.1/arm-none-eabi-gcc/bin/../lib/gcc/arm-none-eabi/9.2.1/../../../../arm-none-eabi/lib/thumb/v7-m/nofp\libg_nano.a(lib_a-atoi.o)
 .ARM.attributes
                0x0000000000000338       0x2d c:/microchip/softconsole-v2021.1/arm-none-eabi-gcc/bin/../lib/gcc/arm-none-eabi/9.2.1/../../../../arm-none-eabi/lib/thumb/v7-m/nofp\libg_nano.a(lib_a-errno.o)
 .ARM.attributes
                0x0000000000000365       0x2d c:/microchip/softconsole-v2021.1/arm-none-eabi-gcc/bin/../lib/gcc/arm-none-eabi/9.2.1/../../../../arm-none-eabi/lib/thumb/v7-m/nofp\libg_nano.a(lib_a-exit.o)
 .ARM.attributes
                0x0000000000000392       0x2d c:/microchip/softconsole-v2021.1/arm-none-eabi-gcc/bin/../lib/gcc/arm-none-eabi/9.2.1/../../../../arm-none-eabi/lib/thumb/v7-m/nofp\libg_nano.a(lib_a-impure.o)
 .ARM.attributes
                0x00000000000003bf       0x2d c:/microchip/softconsole-v2021.1/arm-none-eabi-gcc/bin/../lib/gcc/arm-none-eabi/9.2.1/../../../../arm-none-eabi/lib/thumb/v7-m/nofp\libg_nano.a(lib_a-init.o)
 .ARM.attributes
                0x00000000000003ec       0x2d c:/microchip/softconsole-v2021.1/arm-none-eabi-gcc/bin/../lib/gcc/arm-none-eabi/9.2.1/../../../../arm-none-eabi/lib/thumb/v7-m/nofp\libg_nano.a(lib_a-memcpy-stub.o)
 .ARM.attributes
                0x0000000000000419       0x2d c:/microchip/softconsole-v2021.1/arm-none-eabi-gcc/bin/../lib/gcc/arm-none-eabi/9.2.1/../../../../arm-none-eabi/lib/thumb/v7-m/nofp\libg_nano.a(lib_a-memset.o)
 .ARM.attributes
                0x0000000000000446       0x2d c:/microchip/softconsole-v2021.1/arm-none-eabi-gcc/bin/../lib/gcc/arm-none-eabi/9.2.1/../../../../arm-none-eabi/lib/thumb/v7-m/nofp\libg_nano.a(lib_a-rand.o)
 .ARM.attributes
                0x0000000000000473       0x2d c:/microchip/softconsole-v2021.1/arm-none-eabi-gcc/bin/../lib/gcc/arm-none-eabi/9.2.1/../../../../arm-none-eabi/lib/thumb/v7-m/nofp\libg_nano.a(lib_a-strtol.o)
 .ARM.attributes
                0x00000000000004a0       0x2d c:/microchip/softconsole-v2021.1/arm-none-eabi-gcc/bin/../lib/gcc/arm-none-eabi/9.2.1/../../../../arm-none-eabi/lib/thumb/v7-m/nofp\libg_nano.a(lib_a-ctype_.o)
 .ARM.attributes
                0x00000000000004cd       0x2d c:/microchip/softconsole-v2021.1/arm-none-eabi-gcc/bin/../lib/gcc/arm-none-eabi/9.2.1/../../../../arm-none-eabi/lib/thumb/v7-m/nofp\libg_nano.a(lib_a-malloc.o)
 .ARM.attributes
                0x00000000000004fa       0x2d c:/microchip/softconsole-v2021.1/arm-none-eabi-gcc/bin/../lib/gcc/arm-none-eabi/9.2.1/../../../../arm-none-eabi/lib/thumb/v7-m/nofp\libg_nano.a(lib_a-nano-freer.o)
 .ARM.attributes
                0x0000000000000527       0x2d c:/microchip/softconsole-v2021.1/arm-none-eabi-gcc/bin/../lib/gcc/arm-none-eabi/9.2.1/../../../../arm-none-eabi/lib/thumb/v7-m/nofp\libg_nano.a(lib_a-nano-mallocr.o)
 .ARM.attributes
                0x0000000000000554       0x2d c:/microchip/softconsole-v2021.1/arm-none-eabi-gcc/bin/../lib/gcc/arm-none-eabi/9.2.1/../../../../arm-none-eabi/lib/thumb/v7-m/nofp\libg_nano.a(lib_a-sbrkr.o)
 .ARM.attributes
                0x0000000000000581       0x2d c:/microchip/softconsole-v2021.1/arm-none-eabi-gcc/bin/../lib/gcc/arm-none-eabi/9.2.1/../../../../arm-none-eabi/lib/thumb/v7-m/nofp\libg_nano.a(lib_a-mlock.o)
 .ARM.attributes
                0x00000000000005ae       0x2d c:/microchip/softconsole-v2021.1/arm-none-eabi-gcc/bin/../lib/gcc/arm-none-eabi/9.2.1/../../../../arm-none-eabi/lib/thumb/v7-m/nofp\libg_nano.a(lib_a-reent.o)
 .ARM.attributes
                0x00000000000005db       0x2d c:/microchip/softconsole-v2021.1/arm-none-eabi-gcc/bin/../lib/gcc/arm-none-eabi/9.2.1/../../../../arm-none-eabi/lib/thumb/v7-m/nofp\libg_nano.a(lib_a-lock.o)
 .ARM.attributes
                0x0000000000000608       0x2d c:/microchip/softconsole-v2021.1/arm-none-eabi-gcc/bin/../lib/gcc/arm-none-eabi/9.2.1/thumb/v7-m/nofp/crtend.o
 .ARM.attributes
                0x0000000000000635       0x1d c:/microchip/softconsole-v2021.1/arm-none-eabi-gcc/bin/../lib/gcc/arm-none-eabi/9.2.1/thumb/v7-m/nofp/crtn.o

/DISCARD/
 *(.note.GNU-stack)
OUTPUT(IAP_M2S005.elf elf32-littlearm)

.debug_ranges   0x0000000000000000      0x7e0
 .debug_ranges  0x0000000000000000       0x98 ./windbondflash/winbondflash.o
 .debug_ranges  0x0000000000000098      0x1d8 ./drivers/mss_uart/mss_uart.o
 .debug_ranges  0x0000000000000270       0xd0 ./drivers/mss_sys_services/mss_comblk.o
 .debug_ranges  0x0000000000000340      0x1b8 ./drivers/mss_sys_services/mss_sys_services.o
 .debug_ranges  0x00000000000004f8       0xd0 ./drivers/mss_spi/mss_spi.o
 .debug_ranges  0x00000000000005c8       0x70 ./drivers/mss_hpdma/mss_hpdma.o
 .debug_ranges  0x0000000000000638       0x58 ./drivers/mss_gpio/mss_gpio.o
 .debug_ranges  0x0000000000000690       0x98 ./CMSIS/startup_gcc/newlib_stubs.o
 .debug_ranges  0x0000000000000728       0x58 ./CMSIS/system_m2sxxx.o
 .debug_ranges  0x0000000000000780       0x60 ./main.o

.debug_macro    0x0000000000000000     0x5160
 .debug_macro   0x0000000000000000      0x1e0 ./windbondflash/winbondflash.o
 .debug_macro   0x00000000000001e0      0xa84 ./windbondflash/winbondflash.o
 .debug_macro   0x0000000000000c64       0x22 ./windbondflash/winbondflash.o
 .debug_macro   0x0000000000000c86       0x8e ./windbondflash/winbondflash.o
 .debug_macro   0x0000000000000d14       0x51 ./windbondflash/winbondflash.o
 .debug_macro   0x0000000000000d65       0xef ./windbondflash/winbondflash.o
 .debug_macro   0x0000000000000e54       0x6a ./windbondflash/winbondflash.o
 .debug_macro   0x0000000000000ebe      0x1df ./windbondflash/winbondflash.o
 .debug_macro   0x000000000000109d       0x18 ./windbondflash/winbondflash.o
 .debug_macro   0x00000000000010b5       0x64 ./windbondflash/winbondflash.o
 .debug_macro   0x0000000000001119       0x35 ./windbondflash/winbondflash.o
 .debug_macro   0x000000000000114e       0x34 ./windbondflash/winbondflash.o
 .debug_macro   0x0000000000001182       0x16 ./windbondflash/winbondflash.o
 .debug_macro   0x0000000000001198      0x10e ./windbondflash/winbondflash.o
 .debug_macro   0x00000000000012a6       0x8d ./windbondflash/winbondflash.o
 .debug_macro   0x0000000000001333       0x58 ./windbondflash/winbondflash.o
 .debug_macro   0x000000000000138b       0x1f ./windbondflash/winbondflash.o
 .debug_macro   0x00000000000013aa       0x43 ./windbondflash/winbondflash.o
 .debug_macro   0x00000000000013ed       0x20 ./windbondflash/winbondflash.o
 .debug_macro   0x000000000000140d      0x18e ./windbondflash/winbondflash.o
 .debug_macro   0x000000000000159b      0x339 ./windbondflash/winbondflash.o
 .debug_macro   0x00000000000018d4       0x16 ./windbondflash/winbondflash.o
 .debug_macro   0x00000000000018ea       0x29 ./windbondflash/winbondflash.o
 .debug_macro   0x0000000000001913       0x26 ./windbondflash/winbondflash.o
 .debug_macro   0x0000000000001939       0x3a ./windbondflash/winbondflash.o
 .debug_macro   0x0000000000001973       0x34 ./windbondflash/winbondflash.o
 .debug_macro   0x00000000000019a7      0xca6 ./windbondflash/winbondflash.o
 .debug_macro   0x000000000000264d      0x265 ./windbondflash/winbondflash.o
 .debug_macro   0x00000000000028b2      0x185 ./drivers/mss_uart/mss_uart.o
 .debug_macro   0x0000000000002a37      0x174 ./drivers/mss_uart/mss_uart.o
 .debug_macro   0x0000000000002bab      0x177 ./drivers/mss_uart/mss_uart.o
 .debug_macro   0x0000000000002d22       0xe2 ./drivers/mss_uart/mss_uart.o
 .debug_macro   0x0000000000002e04       0x22 ./drivers/mss_uart/mss_uart.o
 .debug_macro   0x0000000000002e26      0x168 ./drivers/mss_sys_services/mss_comblk.o
 .debug_macro   0x0000000000002f8e      0x3f4 ./drivers/mss_sys_services/mss_sys_services.o
 .debug_macro   0x0000000000003382      0x2f8 ./drivers/mss_sys_services/mss_sys_services.o
 .debug_macro   0x000000000000367a       0x10 ./drivers/mss_sys_services/mss_sys_services.o
 .debug_macro   0x000000000000368a       0x35 ./drivers/mss_sys_services/mss_sys_services.o
 .debug_macro   0x00000000000036bf      0x26a ./drivers/mss_spi/mss_spi.o
 .debug_macro   0x0000000000003929      0x151 ./drivers/mss_hpdma/mss_hpdma.o
 .debug_macro   0x0000000000003a7a       0x5e ./drivers/mss_hpdma/mss_hpdma.o
 .debug_macro   0x0000000000003ad8       0x94 ./drivers/mss_hpdma/mss_hpdma.o
 .debug_macro   0x0000000000003b6c       0x57 ./drivers/mss_hpdma/mss_hpdma.o
 .debug_macro   0x0000000000003bc3       0x10 ./drivers/mss_hpdma/mss_hpdma.o
 .debug_macro   0x0000000000003bd3      0x10f ./drivers/mss_gpio/mss_gpio.o
 .debug_macro   0x0000000000003ce2      0x11c ./drivers/mss_gpio/mss_gpio.o
 .debug_macro   0x0000000000003dfe      0x1fa ./CMSIS/startup_gcc/newlib_stubs.o
 .debug_macro   0x0000000000003ff8       0x16 ./CMSIS/startup_gcc/newlib_stubs.o
 .debug_macro   0x000000000000400e       0x10 ./CMSIS/startup_gcc/newlib_stubs.o
 .debug_macro   0x000000000000401e       0x1c ./CMSIS/startup_gcc/newlib_stubs.o
 .debug_macro   0x000000000000403a       0x52 ./CMSIS/startup_gcc/newlib_stubs.o
 .debug_macro   0x000000000000408c       0x40 ./CMSIS/startup_gcc/newlib_stubs.o
 .debug_macro   0x00000000000040cc       0x10 ./CMSIS/startup_gcc/newlib_stubs.o
 .debug_macro   0x00000000000040dc       0x40 ./CMSIS/startup_gcc/newlib_stubs.o
 .debug_macro   0x000000000000411c       0xd7 ./CMSIS/startup_gcc/newlib_stubs.o
 .debug_macro   0x00000000000041f3       0x1c ./CMSIS/startup_gcc/newlib_stubs.o
 .debug_macro   0x000000000000420f       0x3d ./CMSIS/startup_gcc/newlib_stubs.o
 .debug_macro   0x000000000000424c      0x51a ./CMSIS/startup_gcc/newlib_stubs.o
 .debug_macro   0x0000000000004766       0x16 ./CMSIS/startup_gcc/newlib_stubs.o
 .debug_macro   0x000000000000477c       0x10 ./CMSIS/startup_gcc/newlib_stubs.o
 .debug_macro   0x000000000000478c       0x10 ./CMSIS/startup_gcc/newlib_stubs.o
 .debug_macro   0x000000000000479c       0x35 ./CMSIS/startup_gcc/newlib_stubs.o
 .debug_macro   0x00000000000047d1      0x122 ./CMSIS/startup_gcc/newlib_stubs.o
 .debug_macro   0x00000000000048f3       0x10 ./CMSIS/startup_gcc/newlib_stubs.o
 .debug_macro   0x0000000000004903      0x241 ./CMSIS/startup_gcc/newlib_stubs.o
 .debug_macro   0x0000000000004b44      0x173 ./CMSIS/system_m2sxxx.o
 .debug_macro   0x0000000000004cb7      0x2d6 ./main.o
 .debug_macro   0x0000000000004f8d       0x1c ./main.o
 .debug_macro   0x0000000000004fa9       0x10 ./main.o
 .debug_macro   0x0000000000004fb9       0x16 ./main.o
 .debug_macro   0x0000000000004fcf      0x16f ./main.o
 .debug_macro   0x000000000000513e       0x22 ./main.o

.comment        0x0000000000000000       0x66
 .comment       0x0000000000000000       0x66 ./windbondflash/winbondflash.o
                                         0x67 (size before relaxing)
 .comment       0x0000000000000066       0x67 ./drivers/mss_uart/mss_uart.o
 .comment       0x0000000000000066       0x67 ./drivers/mss_sys_services/mss_comblk.o
 .comment       0x0000000000000066       0x67 ./drivers/mss_sys_services/mss_sys_services.o
 .comment       0x0000000000000066       0x67 ./drivers/mss_spi/mss_spi.o
 .comment       0x0000000000000066       0x67 ./drivers/mss_hpdma/mss_hpdma.o
 .comment       0x0000000000000066       0x67 ./drivers/mss_gpio/mss_gpio.o
 .comment       0x0000000000000066       0x67 ./CMSIS/startup_gcc/newlib_stubs.o
 .comment       0x0000000000000066       0x67 ./CMSIS/system_m2sxxx.o
 .comment       0x0000000000000066       0x67 ./main.o
