----------------------------------------------------------------
-Pin Report - Date: Mon Jun  2 12:56:02 2025 Pinchecksum: NOT-AVAILABLE
-Product: Designer
-Release: v2024.1
-Version: 2024.1.0.3
-Design Name: teste
-Family: SmartFusion2
-Die: M2S005
-Package: 144 TQ
-----------------------------------------------------------------

Port             |Pin |Fixed |Function                     |Bank     |I/O Std   |Direction                      |I/O state in Flash*Freeze mode |Resistor Pull                      |I/O available in Flash*Freeze mode |Schmitt Trigger |Odt_Static    |Odt Imp (Ohm)  |Low Power Exit |Input Delay |Slew         |Pre-Emphasis      |Output Drive (mA) |Output Load (pF) |
-----------------|----|------|-----------------------------|---------|----------|-------------------------------|-------------------------------|-----------------------------------|-----------------------------------|----------------|--------------|---------------|---------------|------------|-------------|------------------|------------------|-----------------|
DEVRST_N          72   Fixed  DEVRST_N                      ---       
MEMADDR[0]        135  Yes    DDRIO43PB0                    Bank0     LVCMOS25   Output                          TRISTATE                        None                                No                                  ---              ---            ---             ---             ---          SLOW          ---                4                  5                 
MEMADDR[1]        136  Yes    DDRIO45NB0                    Bank0     LVCMOS25   Output                          TRISTATE                        None                                No                                  ---              ---            ---             ---             ---          SLOW          ---                4                  5                 
MEMADDR[2]        137  Yes    DDRIO45PB0/CCC_NE0_CLKI3      Bank0     LVCMOS25   Output                          TRISTATE                        None                                No                                  ---              ---            ---             ---             ---          SLOW          ---                4                  5                 
MEMADDR[3]        140  Yes    DDRIO49NB0/GB4                Bank0     LVCMOS25   Output                          TRISTATE                        None                                No                                  ---              ---            ---             ---             ---          SLOW          ---                4                  5                 
MEMADDR[4]        142  Yes    DDRIO49PB0/GB0                Bank0     LVCMOS25   Output                          TRISTATE                        None                                No                                  ---              ---            ---             ---             ---          SLOW          ---                4                  5                 
MEMADDR[5]        143  Yes    DDRIO50NB0/CCC_NE1_CLKI3      Bank0     LVCMOS25   Output                          TRISTATE                        None                                No                                  ---              ---            ---             ---             ---          SLOW          ---                4                  5                 
MEMADDR[6]        144  Yes    DDRIO51PB0                    Bank0     LVCMOS25   Output                          TRISTATE                        None                                No                                  ---              ---            ---             ---             ---          SLOW          ---                4                  5                 
MEMADDR[7]        23   Yes    MSIOD69PB5/CCC_NE1_CLKI2      Bank5     LVCMOS25   Output                          TRISTATE                        None                                No                                  ---              ---            ---             ---             ---          SLOW          ---                4                  5                 
MEMADDR[8]        24   Yes    MSIOD70PB5/CCC_NE1_CLKI1      Bank5     LVCMOS25   Output                          TRISTATE                        None                                No                                  ---              ---            ---             ---             ---          SLOW          ---                4                  5                 
MEMADDR[9]        28   Yes    MSIOD74NB5                    Bank5     LVCMOS25   Output                          TRISTATE                        None                                No                                  ---              ---            ---             ---             ---          SLOW          ---                4                  5                 
MEMADDR[10]       29   Yes    MSIOD74PB5                    Bank5     LVCMOS25   Output                          TRISTATE                        None                                No                                  ---              ---            ---             ---             ---          SLOW          ---                4                  5                 
MEMDATA[0]        110  Yes    DDRIO20PB0                    Bank0     LVCMOS25   Inout                           TRISTATE                        None                                No                                  Off              ---            ---             Off             Off          SLOW          ---                4                  5                 
MEMDATA[1]        111  Yes    DDRIO22NB0                    Bank0     LVCMOS25   Inout                           TRISTATE                        None                                No                                  Off              ---            ---             Off             Off          SLOW          ---                4                  5                 
MEMDATA[2]        112  Yes    DDRIO22PB0                    Bank0     LVCMOS25   Inout                           TRISTATE                        None                                No                                  Off              ---            ---             Off             Off          SLOW          ---                4                  5                 
MEMDATA[3]        115  Yes    DDRIO25NB0                    Bank0     LVCMOS25   Inout                           TRISTATE                        None                                No                                  Off              ---            ---             Off             Off          SLOW          ---                4                  5                 
MEMDATA[4]        116  Yes    DDRIO25PB0                    Bank0     LVCMOS25   Inout                           TRISTATE                        None                                No                                  Off              ---            ---             Off             Off          SLOW          ---                4                  5                 
MEMDATA[5]        117  Yes    DDRIO27NB0                    Bank0     LVCMOS25   Inout                           TRISTATE                        None                                No                                  Off              ---            ---             Off             Off          SLOW          ---                4                  5                 
MEMDATA[6]        118  Yes    DDRIO27PB0                    Bank0     LVCMOS25   Inout                           TRISTATE                        None                                No                                  Off              ---            ---             Off             Off          SLOW          ---                4                  5                 
MEMDATA[7]        122  Yes    DDRIO33NB0                    Bank0     LVCMOS25   Inout                           TRISTATE                        None                                No                                  Off              ---            ---             Off             Off          SLOW          ---                4                  5                 
MEMDATA[8]        123  Yes    DDRIO33PB0                    Bank0     LVCMOS25   Inout                           TRISTATE                        None                                No                                  Off              ---            ---             Off             Off          SLOW          ---                4                  5                 
MEMDATA[9]        124  Yes    DDRIO34NB0                    Bank0     LVCMOS25   Inout                           TRISTATE                        None                                No                                  Off              ---            ---             Off             Off          SLOW          ---                4                  5                 
MEMDATA[10]       125  Yes    DDRIO34PB0                    Bank0     LVCMOS25   Inout                           TRISTATE                        None                                No                                  Off              ---            ---             Off             Off          SLOW          ---                4                  5                 
MEMDATA[11]       128  Yes    DDRIO37NB0                    Bank0     LVCMOS25   Inout                           TRISTATE                        None                                No                                  Off              ---            ---             Off             Off          SLOW          ---                4                  5                 
MEMDATA[12]       129  Yes    DDRIO37PB0                    Bank0     LVCMOS25   Inout                           TRISTATE                        None                                No                                  Off              ---            ---             Off             Off          SLOW          ---                4                  5                 
MEMDATA[13]       130  Yes    DDRIO38NB0                    Bank0     LVCMOS25   Inout                           TRISTATE                        None                                No                                  Off              ---            ---             Off             Off          SLOW          ---                4                  5                 
MEMDATA[14]       131  Yes    DDRIO38PB0                    Bank0     LVCMOS25   Inout                           TRISTATE                        None                                No                                  Off              ---            ---             Off             Off          SLOW          ---                4                  5                 
MEMDATA[15]       134  Yes    DDRIO43NB0                    Bank0     LVCMOS25   Inout                           TRISTATE                        None                                No                                  Off              ---            ---             Off             Off          SLOW          ---                4                  5                 
MMUART_0_RXD_F2M  1    Yes    MSIO52NB6                     Bank6     LVCMOS25   Input                           TRISTATE                        None                                No                                  Off              ---            ---             Off             Off          ---           ---                ---                ---               
MMUART_0_TXD_M2F  2    Yes    MSIO52PB6                     Bank6     LVCMOS25   Output                          TRISTATE                        None                                No                                  ---              ---            ---             ---             ---          SLOW          ---                4                  5                 
o_LED[0]          47   Yes    MSIO84NB4                     Bank4     LVCMOS25   Output                          TRISTATE                        None                                No                                  ---              ---            ---             ---             ---          SLOW          ---                4                  5                 
o_LED[1]          43   Yes    MSIO83PB4/GB3                 Bank4     LVCMOS25   Output                          TRISTATE                        None                                No                                  ---              ---            ---             ---             ---          SLOW          ---                4                  5                 
o_LED[2]          42   Yes    MSIO83NB4/GB7                 Bank4     LVCMOS25   Output                          TRISTATE                        None                                No                                  ---              ---            ---             ---             ---          SLOW          ---                4                  5                 
o_LED[3]          41   Yes    MSIO82PB4/PROBE_A             Bank4     LVCMOS25   Output                          TRISTATE                        None                                No                                  ---              ---            ---             ---             ---          SLOW          ---                4                  5                 
SPI_0_CLK         98   Yes    MSIO12PB2/SPI_0_CLK           Bank2     LVCMOS25   Inout                           TRISTATE                        None                                Yes                                 Off              ---            ---             Off             Off          SLOW          ---                4                  5                 
SPI_0_DI          99   Yes    MSIO12NB2/SPI_0_SDI/GPIO_5_A  Bank2     LVCMOS25   Input                           TRISTATE                        None                                Yes                                 Off              ---            ---             Off             Off          ---           ---                ---                ---               
SPI_0_DO          100  Yes    MSIO13PB2/SPI_0_SDO/GPIO_6_A  Bank2     LVCMOS25   Output                          TRISTATE                        None                                Yes                                 ---              ---            ---             ---             ---          SLOW          ---                4                  5                 
SPI_0_SS0         101  Yes    MSIO13NB2/SPI_0_SS0/GPIO_7_A  Bank2     LVCMOS25   Inout                           TRISTATE                        None                                Yes                                 Off              ---            ---             Off             Off          SLOW          ---                4                  5                 
SRAMBYTEN[0]      34   Yes    MSIOD79PB5                    Bank5     LVCMOS25   Output                          TRISTATE                        None                                No                                  ---              ---            ---             ---             ---          SLOW          ---                4                  5                 
SRAMBYTEN[1]      35   Yes    MSIOD80NB5                    Bank5     LVCMOS25   Output                          TRISTATE                        None                                No                                  ---              ---            ---             ---             ---          SLOW          ---                4                  5                 
SRAMCSN[0]        30   Yes    MSIOD75NB5                    Bank5     LVCMOS25   Output                          TRISTATE                        None                                No                                  ---              ---            ---             ---             ---          SLOW          ---                4                  5                 
SRAMOEN           36   Yes    MSIOD80PB5                    Bank5     LVCMOS25   Output                          TRISTATE                        None                                No                                  ---              ---            ---             ---             ---          SLOW          ---                4                  5                 
SRAMWEN           31   Yes    MSIOD75PB5                    Bank5     LVCMOS25   Output                          TRISTATE                        None                                No                                  ---              ---            ---             ---             ---          SLOW          ---                4                  5                 
